Component: ARM Compiler 5.06 update 3 (build 300) Tool: armlink [4d35c9]

==============================================================================

Section Cross References

    system_stm32f3xx.o(i.SystemCoreClockUpdate) refers to system_stm32f3xx.o(.data) for .data
    system_stm32f3xx.o(i.SystemCoreClockUpdate) refers to system_stm32f3xx.o(.constdata) for .constdata
    startup_stm32f303xc.o(RESET) refers to startup_stm32f303xc.o(STACK) for __initial_sp
    startup_stm32f303xc.o(RESET) refers to startup_stm32f303xc.o(.text) for Reset_Handler
    startup_stm32f303xc.o(RESET) refers to stm32f3xx_it.o(i.SysTick_Handler) for SysTick_Handler
    startup_stm32f303xc.o(.text) refers to system_stm32f3xx.o(i.SystemInit) for SystemInit
    startup_stm32f303xc.o(.text) refers to entry.o(.ARM.Collect$$$$00000000) for __main
    spi.o(i.HAL_SPI_MspDeInit) refers to stm32f3xx_hal_gpio_1.o(i.HAL_GPIO_DeInit) for HAL_GPIO_DeInit
    spi.o(i.HAL_SPI_MspInit) refers to stm32f3xx_hal_gpio_1.o(i.HAL_GPIO_Init) for HAL_GPIO_Init
    spi.o(i.MX_SPI1_Init) refers to stm32f3xx_hal_spi_1.o(i.HAL_SPI_Init) for HAL_SPI_Init
    spi.o(i.MX_SPI1_Init) refers to main.o(i.Error_Handler) for Error_Handler
    spi.o(i.MX_SPI1_Init) refers to spi.o(.bss) for .bss
    stm32f3xx_hal_msp.o(i.HAL_MspInit) refers to stm32f3xx_hal_cortex_1.o(i.HAL_NVIC_SetPriorityGrouping) for HAL_NVIC_SetPriorityGrouping
    stm32f3xx_hal_msp.o(i.HAL_MspInit) refers to stm32f3xx_hal_cortex_1.o(i.HAL_NVIC_SetPriority) for HAL_NVIC_SetPriority
    gpio.o(i.MX_GPIO_Init) refers to stm32f3xx_hal_gpio_1.o(i.HAL_GPIO_Init) for HAL_GPIO_Init
    gpio.o(i.MX_GPIO_Init) refers to stm32f3xx_hal_gpio_1.o(i.HAL_GPIO_WritePin) for HAL_GPIO_WritePin
    main.o(i.SystemClock_Config) refers to stm32f3xx_hal_rcc_1.o(i.HAL_RCC_OscConfig) for HAL_RCC_OscConfig
    main.o(i.SystemClock_Config) refers to stm32f3xx_hal_rcc_1.o(i.HAL_RCC_ClockConfig) for HAL_RCC_ClockConfig
    main.o(i.SystemClock_Config) refers to stm32f3xx_hal_rcc_ex_1.o(i.HAL_RCCEx_PeriphCLKConfig) for HAL_RCCEx_PeriphCLKConfig
    main.o(i.SystemClock_Config) refers to stm32f3xx_hal_rcc_1.o(i.HAL_RCC_GetHCLKFreq) for HAL_RCC_GetHCLKFreq
    main.o(i.SystemClock_Config) refers to stm32f3xx_hal_cortex_1.o(i.HAL_SYSTICK_Config) for HAL_SYSTICK_Config
    main.o(i.SystemClock_Config) refers to stm32f3xx_hal_cortex_1.o(i.HAL_SYSTICK_CLKSourceConfig) for HAL_SYSTICK_CLKSourceConfig
    main.o(i.SystemClock_Config) refers to stm32f3xx_hal_cortex_1.o(i.HAL_NVIC_SetPriority) for HAL_NVIC_SetPriority
    main.o(i.main) refers to stm32f3xx_hal_1.o(i.HAL_Init) for HAL_Init
    main.o(i.main) refers to main.o(i.SystemClock_Config) for SystemClock_Config
    main.o(i.main) refers to gpio.o(i.MX_GPIO_Init) for MX_GPIO_Init
    main.o(i.main) refers to printf1.o(i.__0fprintf$1) for __2fprintf
    main.o(i.main) refers to stm32f3_discovery_accelerometer_1.o(i.BSP_MAGNETO_Init) for BSP_MAGNETO_Init
    main.o(i.main) refers to stm32f3xx_hal_1.o(i.HAL_Delay) for HAL_Delay
    main.o(i.main) refers to stm32f3_discovery_accelerometer_1.o(i.BSP_MAGNETO_GetXYZ) for BSP_MAGNETO_GetXYZ
    main.o(i.main) refers to dflti.o(.text) for __aeabi_i2d
    main.o(i.main) refers to atan2.o(i.__hardfp_atan2) for __hardfp_atan2
    main.o(i.main) refers to d2f.o(.text) for __aeabi_d2f
    main.o(i.main) refers to f2d.o(.text) for __aeabi_f2d
    main.o(i.main) refers to dadd.o(.text) for __aeabi_dadd
    main.o(i.main) refers to cdrcmple.o(.text) for __aeabi_cdrcmple
    main.o(i.main) refers to cdcmple.o(.text) for __aeabi_cdcmple
    main.o(i.main) refers to stm32f3xx_hal_gpio_1.o(i.HAL_GPIO_WritePin) for HAL_GPIO_WritePin
    main.o(i.main) refers to stderr.o(.data) for __stderr
    i2c.o(i.HAL_I2C_MspDeInit) refers to stm32f3xx_hal_gpio_1.o(i.HAL_GPIO_DeInit) for HAL_GPIO_DeInit
    i2c.o(i.HAL_I2C_MspInit) refers to stm32f3xx_hal_gpio_1.o(i.HAL_GPIO_Init) for HAL_GPIO_Init
    i2c.o(i.MX_I2C1_Init) refers to stm32f3xx_hal_i2c_1.o(i.HAL_I2C_Init) for HAL_I2C_Init
    i2c.o(i.MX_I2C1_Init) refers to main.o(i.Error_Handler) for Error_Handler
    i2c.o(i.MX_I2C1_Init) refers to stm32f3xx_hal_i2c_ex_1.o(i.HAL_I2CEx_ConfigAnalogFilter) for HAL_I2CEx_ConfigAnalogFilter
    i2c.o(i.MX_I2C1_Init) refers to i2c.o(.bss) for .bss
    stm32f3xx_it.o(i.SysTick_Handler) refers to stm32f3xx_hal_1.o(i.HAL_IncTick) for HAL_IncTick
    stm32f3xx_it.o(i.SysTick_Handler) refers to stm32f3xx_hal_cortex_1.o(i.HAL_SYSTICK_IRQHandler) for HAL_SYSTICK_IRQHandler
    stm32f3_discovery_1.o(i.BSP_LED_Init) refers to stm32f3xx_hal_gpio_1.o(i.HAL_GPIO_Init) for HAL_GPIO_Init
    stm32f3_discovery_1.o(i.BSP_LED_Init) refers to stm32f3xx_hal_gpio_1.o(i.HAL_GPIO_WritePin) for HAL_GPIO_WritePin
    stm32f3_discovery_1.o(i.BSP_LED_Init) refers to stm32f3_discovery_1.o(.constdata) for .constdata
    stm32f3_discovery_1.o(i.BSP_LED_Init) refers to stm32f3_discovery_1.o(.data) for .data
    stm32f3_discovery_1.o(i.BSP_LED_Off) refers to stm32f3xx_hal_gpio_1.o(i.HAL_GPIO_WritePin) for HAL_GPIO_WritePin
    stm32f3_discovery_1.o(i.BSP_LED_Off) refers to stm32f3_discovery_1.o(.constdata) for .constdata
    stm32f3_discovery_1.o(i.BSP_LED_Off) refers to stm32f3_discovery_1.o(.data) for .data
    stm32f3_discovery_1.o(i.BSP_LED_On) refers to stm32f3xx_hal_gpio_1.o(i.HAL_GPIO_WritePin) for HAL_GPIO_WritePin
    stm32f3_discovery_1.o(i.BSP_LED_On) refers to stm32f3_discovery_1.o(.constdata) for .constdata
    stm32f3_discovery_1.o(i.BSP_LED_On) refers to stm32f3_discovery_1.o(.data) for .data
    stm32f3_discovery_1.o(i.BSP_LED_Toggle) refers to stm32f3xx_hal_gpio_1.o(i.HAL_GPIO_TogglePin) for HAL_GPIO_TogglePin
    stm32f3_discovery_1.o(i.BSP_LED_Toggle) refers to stm32f3_discovery_1.o(.constdata) for .constdata
    stm32f3_discovery_1.o(i.BSP_LED_Toggle) refers to stm32f3_discovery_1.o(.data) for .data
    stm32f3_discovery_1.o(i.BSP_PB_GetState) refers to stm32f3xx_hal_gpio_1.o(i.HAL_GPIO_ReadPin) for HAL_GPIO_ReadPin
    stm32f3_discovery_1.o(i.BSP_PB_GetState) refers to stm32f3_discovery_1.o(.constdata) for .constdata
    stm32f3_discovery_1.o(i.BSP_PB_GetState) refers to stm32f3_discovery_1.o(.data) for .data
    stm32f3_discovery_1.o(i.BSP_PB_Init) refers to stm32f3xx_hal_gpio_1.o(i.HAL_GPIO_Init) for HAL_GPIO_Init
    stm32f3_discovery_1.o(i.BSP_PB_Init) refers to stm32f3xx_hal_cortex_1.o(i.HAL_NVIC_SetPriority) for HAL_NVIC_SetPriority
    stm32f3_discovery_1.o(i.BSP_PB_Init) refers to stm32f3xx_hal_cortex_1.o(i.HAL_NVIC_EnableIRQ) for HAL_NVIC_EnableIRQ
    stm32f3_discovery_1.o(i.BSP_PB_Init) refers to stm32f3_discovery_1.o(.constdata) for .constdata
    stm32f3_discovery_1.o(i.BSP_PB_Init) refers to stm32f3_discovery_1.o(.data) for .data
    stm32f3_discovery_1.o(i.COMPASSACCELERO_IO_ITConfig) refers to stm32f3xx_hal_gpio_1.o(i.HAL_GPIO_Init) for HAL_GPIO_Init
    stm32f3_discovery_1.o(i.COMPASSACCELERO_IO_ITConfig) refers to stm32f3xx_hal_cortex_1.o(i.HAL_NVIC_SetPriority) for HAL_NVIC_SetPriority
    stm32f3_discovery_1.o(i.COMPASSACCELERO_IO_ITConfig) refers to stm32f3xx_hal_cortex_1.o(i.HAL_NVIC_EnableIRQ) for HAL_NVIC_EnableIRQ
    stm32f3_discovery_1.o(i.COMPASSACCELERO_IO_Init) refers to stm32f3xx_hal_gpio_1.o(i.HAL_GPIO_Init) for HAL_GPIO_Init
    stm32f3_discovery_1.o(i.COMPASSACCELERO_IO_Init) refers to stm32f3xx_hal_cortex_1.o(i.HAL_NVIC_SetPriority) for HAL_NVIC_SetPriority
    stm32f3_discovery_1.o(i.COMPASSACCELERO_IO_Init) refers to stm32f3xx_hal_cortex_1.o(i.HAL_NVIC_EnableIRQ) for HAL_NVIC_EnableIRQ
    stm32f3_discovery_1.o(i.COMPASSACCELERO_IO_Init) refers to stm32f3_discovery_1.o(i.I2Cx_Init) for I2Cx_Init
    stm32f3_discovery_1.o(i.COMPASSACCELERO_IO_Read) refers to stm32f3xx_hal_i2c_1.o(i.HAL_I2C_Mem_Read) for HAL_I2C_Mem_Read
    stm32f3_discovery_1.o(i.COMPASSACCELERO_IO_Read) refers to stm32f3_discovery_1.o(i.I2Cx_Error) for I2Cx_Error
    stm32f3_discovery_1.o(i.COMPASSACCELERO_IO_Read) refers to stm32f3_discovery_1.o(.data) for .data
    stm32f3_discovery_1.o(i.COMPASSACCELERO_IO_Read) refers to stm32f3_discovery_1.o(.bss) for .bss
    stm32f3_discovery_1.o(i.COMPASSACCELERO_IO_Read_N) refers to stm32f3xx_hal_i2c_1.o(i.HAL_I2C_Mem_Read) for HAL_I2C_Mem_Read
    stm32f3_discovery_1.o(i.COMPASSACCELERO_IO_Read_N) refers to stm32f3_discovery_1.o(i.I2Cx_Error) for I2Cx_Error
    stm32f3_discovery_1.o(i.COMPASSACCELERO_IO_Read_N) refers to stm32f3_discovery_1.o(.data) for .data
    stm32f3_discovery_1.o(i.COMPASSACCELERO_IO_Read_N) refers to stm32f3_discovery_1.o(.bss) for .bss
    stm32f3_discovery_1.o(i.COMPASSACCELERO_IO_Write) refers to stm32f3xx_hal_i2c_1.o(i.HAL_I2C_Mem_Write) for HAL_I2C_Mem_Write
    stm32f3_discovery_1.o(i.COMPASSACCELERO_IO_Write) refers to stm32f3_discovery_1.o(i.I2Cx_Error) for I2Cx_Error
    stm32f3_discovery_1.o(i.COMPASSACCELERO_IO_Write) refers to stm32f3_discovery_1.o(.data) for .data
    stm32f3_discovery_1.o(i.COMPASSACCELERO_IO_Write) refers to stm32f3_discovery_1.o(.bss) for .bss
    stm32f3_discovery_1.o(i.GYRO_IO_Init) refers to stm32f3xx_hal_gpio_1.o(i.HAL_GPIO_Init) for HAL_GPIO_Init
    stm32f3_discovery_1.o(i.GYRO_IO_Init) refers to stm32f3xx_hal_gpio_1.o(i.HAL_GPIO_WritePin) for HAL_GPIO_WritePin
    stm32f3_discovery_1.o(i.GYRO_IO_Init) refers to stm32f3_discovery_1.o(i.SPIx_Init) for SPIx_Init
    stm32f3_discovery_1.o(i.GYRO_IO_Read) refers to stm32f3xx_hal_gpio_1.o(i.HAL_GPIO_WritePin) for HAL_GPIO_WritePin
    stm32f3_discovery_1.o(i.GYRO_IO_Read) refers to stm32f3_discovery_1.o(i.SPIx_WriteRead) for SPIx_WriteRead
    stm32f3_discovery_1.o(i.GYRO_IO_Write) refers to stm32f3xx_hal_gpio_1.o(i.HAL_GPIO_WritePin) for HAL_GPIO_WritePin
    stm32f3_discovery_1.o(i.GYRO_IO_Write) refers to stm32f3_discovery_1.o(i.SPIx_WriteRead) for SPIx_WriteRead
    stm32f3_discovery_1.o(i.I2Cx_Error) refers to stm32f3xx_hal_i2c_1.o(i.HAL_I2C_DeInit) for HAL_I2C_DeInit
    stm32f3_discovery_1.o(i.I2Cx_Error) refers to stm32f3_discovery_1.o(i.I2Cx_Init) for I2Cx_Init
    stm32f3_discovery_1.o(i.I2Cx_Error) refers to stm32f3_discovery_1.o(.bss) for .bss
    stm32f3_discovery_1.o(i.I2Cx_Init) refers to stm32f3xx_hal_i2c_1.o(i.HAL_I2C_GetState) for HAL_I2C_GetState
    stm32f3_discovery_1.o(i.I2Cx_Init) refers to stm32f3xx_hal_gpio_1.o(i.HAL_GPIO_Init) for HAL_GPIO_Init
    stm32f3_discovery_1.o(i.I2Cx_Init) refers to stm32f3xx_hal_i2c_1.o(i.HAL_I2C_Init) for HAL_I2C_Init
    stm32f3_discovery_1.o(i.I2Cx_Init) refers to stm32f3_discovery_1.o(.bss) for .bss
    stm32f3_discovery_1.o(i.SPIx_Init) refers to stm32f3xx_hal_spi_1.o(i.HAL_SPI_GetState) for HAL_SPI_GetState
    stm32f3_discovery_1.o(i.SPIx_Init) refers to stm32f3xx_hal_gpio_1.o(i.HAL_GPIO_Init) for HAL_GPIO_Init
    stm32f3_discovery_1.o(i.SPIx_Init) refers to stm32f3xx_hal_spi_1.o(i.HAL_SPI_Init) for HAL_SPI_Init
    stm32f3_discovery_1.o(i.SPIx_Init) refers to stm32f3_discovery_1.o(.bss) for .bss
    stm32f3_discovery_1.o(i.SPIx_WriteRead) refers to stm32f3xx_hal_spi_1.o(i.HAL_SPI_TransmitReceive) for HAL_SPI_TransmitReceive
    stm32f3_discovery_1.o(i.SPIx_WriteRead) refers to stm32f3xx_hal_spi_1.o(i.HAL_SPI_DeInit) for HAL_SPI_DeInit
    stm32f3_discovery_1.o(i.SPIx_WriteRead) refers to stm32f3_discovery_1.o(i.SPIx_Init) for SPIx_Init
    stm32f3_discovery_1.o(i.SPIx_WriteRead) refers to stm32f3_discovery_1.o(.data) for .data
    stm32f3_discovery_1.o(i.SPIx_WriteRead) refers to stm32f3_discovery_1.o(.bss) for .bss
    stm32f3_discovery_accelerometer_1.o(i.BSP_ACCELERO_GetXYZ) refers to stm32f3_discovery_accelerometer_1.o(.data) for .data
    stm32f3_discovery_accelerometer_1.o(i.BSP_ACCELERO_Init) refers to lsm303dlhc.o(.data) for Lsm303dlhcDrv
    stm32f3_discovery_accelerometer_1.o(i.BSP_ACCELERO_Init) refers to stm32f3_discovery_accelerometer_1.o(.data) for .data
    stm32f3_discovery_accelerometer_1.o(i.BSP_ACCELERO_Reset) refers to stm32f3_discovery_accelerometer_1.o(.data) for .data
    stm32f3_discovery_accelerometer_1.o(i.BSP_MAGNETO_GetXYZ) refers to stm32f3_discovery_accelerometer_1.o(.data) for .data
    stm32f3_discovery_accelerometer_1.o(i.BSP_MAGNETO_Init) refers to lsm303dlhc.o(.data) for Lsm303dlhcDrv
    stm32f3_discovery_accelerometer_1.o(i.BSP_MAGNETO_Init) refers to stm32f3_discovery_accelerometer_1.o(.data) for .data
    stm32f3_discovery_gyroscope_1.o(i.BSP_GYRO_DisableIT) refers to stm32f3_discovery_gyroscope_1.o(.data) for .data
    stm32f3_discovery_gyroscope_1.o(i.BSP_GYRO_EnableIT) refers to stm32f3_discovery_gyroscope_1.o(.data) for .data
    stm32f3_discovery_gyroscope_1.o(i.BSP_GYRO_GetXYZ) refers to stm32f3_discovery_gyroscope_1.o(.data) for .data
    stm32f3_discovery_gyroscope_1.o(i.BSP_GYRO_ITConfig) refers to stm32f3_discovery_gyroscope_1.o(.data) for .data
    stm32f3_discovery_gyroscope_1.o(i.BSP_GYRO_Init) refers to l3gd20.o(.data) for L3gd20Drv
    stm32f3_discovery_gyroscope_1.o(i.BSP_GYRO_Init) refers to stm32f3_discovery_gyroscope_1.o(.data) for .data
    stm32f3_discovery_gyroscope_1.o(i.BSP_GYRO_ReadID) refers to stm32f3_discovery_gyroscope_1.o(.data) for .data
    stm32f3_discovery_gyroscope_1.o(i.BSP_GYRO_Reset) refers to stm32f3_discovery_gyroscope_1.o(.data) for .data
    l3gd20.o(i.L3GD20_DisableIT) refers to stm32f3_discovery_1.o(i.GYRO_IO_Read) for GYRO_IO_Read
    l3gd20.o(i.L3GD20_DisableIT) refers to stm32f3_discovery_1.o(i.GYRO_IO_Write) for GYRO_IO_Write
    l3gd20.o(i.L3GD20_EnableIT) refers to stm32f3_discovery_1.o(i.GYRO_IO_Read) for GYRO_IO_Read
    l3gd20.o(i.L3GD20_EnableIT) refers to stm32f3_discovery_1.o(i.GYRO_IO_Write) for GYRO_IO_Write
    l3gd20.o(i.L3GD20_FilterCmd) refers to stm32f3_discovery_1.o(i.GYRO_IO_Read) for GYRO_IO_Read
    l3gd20.o(i.L3GD20_FilterCmd) refers to stm32f3_discovery_1.o(i.GYRO_IO_Write) for GYRO_IO_Write
    l3gd20.o(i.L3GD20_FilterConfig) refers to stm32f3_discovery_1.o(i.GYRO_IO_Read) for GYRO_IO_Read
    l3gd20.o(i.L3GD20_FilterConfig) refers to stm32f3_discovery_1.o(i.GYRO_IO_Write) for GYRO_IO_Write
    l3gd20.o(i.L3GD20_GetDataStatus) refers to stm32f3_discovery_1.o(i.GYRO_IO_Read) for GYRO_IO_Read
    l3gd20.o(i.L3GD20_INT1InterruptConfig) refers to stm32f3_discovery_1.o(i.GYRO_IO_Read) for GYRO_IO_Read
    l3gd20.o(i.L3GD20_INT1InterruptConfig) refers to stm32f3_discovery_1.o(i.GYRO_IO_Write) for GYRO_IO_Write
    l3gd20.o(i.L3GD20_Init) refers to stm32f3_discovery_1.o(i.GYRO_IO_Init) for GYRO_IO_Init
    l3gd20.o(i.L3GD20_Init) refers to stm32f3_discovery_1.o(i.GYRO_IO_Write) for GYRO_IO_Write
    l3gd20.o(i.L3GD20_LowPower) refers to stm32f3_discovery_1.o(i.GYRO_IO_Write) for GYRO_IO_Write
    l3gd20.o(i.L3GD20_ReadID) refers to stm32f3_discovery_1.o(i.GYRO_IO_Init) for GYRO_IO_Init
    l3gd20.o(i.L3GD20_ReadID) refers to stm32f3_discovery_1.o(i.GYRO_IO_Read) for GYRO_IO_Read
    l3gd20.o(i.L3GD20_ReadXYZAngRate) refers to stm32f3_discovery_1.o(i.GYRO_IO_Read) for GYRO_IO_Read
    l3gd20.o(i.L3GD20_RebootCmd) refers to stm32f3_discovery_1.o(i.GYRO_IO_Read) for GYRO_IO_Read
    l3gd20.o(i.L3GD20_RebootCmd) refers to stm32f3_discovery_1.o(i.GYRO_IO_Write) for GYRO_IO_Write
    l3gd20.o(.data) refers to l3gd20.o(i.L3GD20_Init) for L3GD20_Init
    l3gd20.o(.data) refers to l3gd20.o(i.L3GD20_DeInit) for L3GD20_DeInit
    l3gd20.o(.data) refers to l3gd20.o(i.L3GD20_ReadID) for L3GD20_ReadID
    l3gd20.o(.data) refers to l3gd20.o(i.L3GD20_RebootCmd) for L3GD20_RebootCmd
    l3gd20.o(.data) refers to l3gd20.o(i.L3GD20_LowPower) for L3GD20_LowPower
    l3gd20.o(.data) refers to l3gd20.o(i.L3GD20_INT1InterruptConfig) for L3GD20_INT1InterruptConfig
    l3gd20.o(.data) refers to l3gd20.o(i.L3GD20_EnableIT) for L3GD20_EnableIT
    l3gd20.o(.data) refers to l3gd20.o(i.L3GD20_DisableIT) for L3GD20_DisableIT
    l3gd20.o(.data) refers to l3gd20.o(i.L3GD20_FilterConfig) for L3GD20_FilterConfig
    l3gd20.o(.data) refers to l3gd20.o(i.L3GD20_FilterCmd) for L3GD20_FilterCmd
    l3gd20.o(.data) refers to l3gd20.o(i.L3GD20_ReadXYZAngRate) for L3GD20_ReadXYZAngRate
    lsm303dlhc.o(i.LSM303DLHC_AccClickITDisable) refers to stm32f3_discovery_1.o(i.COMPASSACCELERO_IO_Read) for COMPASSACCELERO_IO_Read
    lsm303dlhc.o(i.LSM303DLHC_AccClickITDisable) refers to stm32f3_discovery_1.o(i.COMPASSACCELERO_IO_Write) for COMPASSACCELERO_IO_Write
    lsm303dlhc.o(i.LSM303DLHC_AccClickITEnable) refers to stm32f3_discovery_1.o(i.COMPASSACCELERO_IO_Read) for COMPASSACCELERO_IO_Read
    lsm303dlhc.o(i.LSM303DLHC_AccClickITEnable) refers to stm32f3_discovery_1.o(i.COMPASSACCELERO_IO_Write) for COMPASSACCELERO_IO_Write
    lsm303dlhc.o(i.LSM303DLHC_AccFilterClickCmd) refers to stm32f3_discovery_1.o(i.COMPASSACCELERO_IO_Read) for COMPASSACCELERO_IO_Read
    lsm303dlhc.o(i.LSM303DLHC_AccFilterClickCmd) refers to stm32f3_discovery_1.o(i.COMPASSACCELERO_IO_Write) for COMPASSACCELERO_IO_Write
    lsm303dlhc.o(i.LSM303DLHC_AccFilterCmd) refers to stm32f3_discovery_1.o(i.COMPASSACCELERO_IO_Read) for COMPASSACCELERO_IO_Read
    lsm303dlhc.o(i.LSM303DLHC_AccFilterCmd) refers to stm32f3_discovery_1.o(i.COMPASSACCELERO_IO_Write) for COMPASSACCELERO_IO_Write
    lsm303dlhc.o(i.LSM303DLHC_AccFilterConfig) refers to stm32f3_discovery_1.o(i.COMPASSACCELERO_IO_Read) for COMPASSACCELERO_IO_Read
    lsm303dlhc.o(i.LSM303DLHC_AccFilterConfig) refers to stm32f3_discovery_1.o(i.COMPASSACCELERO_IO_Write) for COMPASSACCELERO_IO_Write
    lsm303dlhc.o(i.LSM303DLHC_AccINT1InterruptDisable) refers to stm32f3_discovery_1.o(i.COMPASSACCELERO_IO_Read) for COMPASSACCELERO_IO_Read
    lsm303dlhc.o(i.LSM303DLHC_AccINT1InterruptDisable) refers to stm32f3_discovery_1.o(i.COMPASSACCELERO_IO_Write) for COMPASSACCELERO_IO_Write
    lsm303dlhc.o(i.LSM303DLHC_AccINT1InterruptEnable) refers to stm32f3_discovery_1.o(i.COMPASSACCELERO_IO_Read) for COMPASSACCELERO_IO_Read
    lsm303dlhc.o(i.LSM303DLHC_AccINT1InterruptEnable) refers to stm32f3_discovery_1.o(i.COMPASSACCELERO_IO_Write) for COMPASSACCELERO_IO_Write
    lsm303dlhc.o(i.LSM303DLHC_AccINT2InterruptDisable) refers to stm32f3_discovery_1.o(i.COMPASSACCELERO_IO_Read) for COMPASSACCELERO_IO_Read
    lsm303dlhc.o(i.LSM303DLHC_AccINT2InterruptDisable) refers to stm32f3_discovery_1.o(i.COMPASSACCELERO_IO_Write) for COMPASSACCELERO_IO_Write
    lsm303dlhc.o(i.LSM303DLHC_AccINT2InterruptEnable) refers to stm32f3_discovery_1.o(i.COMPASSACCELERO_IO_Read) for COMPASSACCELERO_IO_Read
    lsm303dlhc.o(i.LSM303DLHC_AccINT2InterruptEnable) refers to stm32f3_discovery_1.o(i.COMPASSACCELERO_IO_Write) for COMPASSACCELERO_IO_Write
    lsm303dlhc.o(i.LSM303DLHC_AccIT1Disable) refers to stm32f3_discovery_1.o(i.COMPASSACCELERO_IO_Read) for COMPASSACCELERO_IO_Read
    lsm303dlhc.o(i.LSM303DLHC_AccIT1Disable) refers to stm32f3_discovery_1.o(i.COMPASSACCELERO_IO_Write) for COMPASSACCELERO_IO_Write
    lsm303dlhc.o(i.LSM303DLHC_AccIT1Enable) refers to stm32f3_discovery_1.o(i.COMPASSACCELERO_IO_Read) for COMPASSACCELERO_IO_Read
    lsm303dlhc.o(i.LSM303DLHC_AccIT1Enable) refers to stm32f3_discovery_1.o(i.COMPASSACCELERO_IO_Write) for COMPASSACCELERO_IO_Write
    lsm303dlhc.o(i.LSM303DLHC_AccIT2Disable) refers to stm32f3_discovery_1.o(i.COMPASSACCELERO_IO_Read) for COMPASSACCELERO_IO_Read
    lsm303dlhc.o(i.LSM303DLHC_AccIT2Disable) refers to stm32f3_discovery_1.o(i.COMPASSACCELERO_IO_Write) for COMPASSACCELERO_IO_Write
    lsm303dlhc.o(i.LSM303DLHC_AccIT2Enable) refers to stm32f3_discovery_1.o(i.COMPASSACCELERO_IO_Read) for COMPASSACCELERO_IO_Read
    lsm303dlhc.o(i.LSM303DLHC_AccIT2Enable) refers to stm32f3_discovery_1.o(i.COMPASSACCELERO_IO_Write) for COMPASSACCELERO_IO_Write
    lsm303dlhc.o(i.LSM303DLHC_AccInit) refers to stm32f3_discovery_1.o(i.COMPASSACCELERO_IO_Init) for COMPASSACCELERO_IO_Init
    lsm303dlhc.o(i.LSM303DLHC_AccInit) refers to stm32f3_discovery_1.o(i.COMPASSACCELERO_IO_Write) for COMPASSACCELERO_IO_Write
    lsm303dlhc.o(i.LSM303DLHC_AccReadID) refers to stm32f3_discovery_1.o(i.COMPASSACCELERO_IO_Init) for COMPASSACCELERO_IO_Init
    lsm303dlhc.o(i.LSM303DLHC_AccReadID) refers to stm32f3_discovery_1.o(i.COMPASSACCELERO_IO_Read) for COMPASSACCELERO_IO_Read
    lsm303dlhc.o(i.LSM303DLHC_AccReadXYZ) refers to stm32f3_discovery_1.o(i.COMPASSACCELERO_IO_Read) for COMPASSACCELERO_IO_Read
    lsm303dlhc.o(i.LSM303DLHC_AccRebootCmd) refers to stm32f3_discovery_1.o(i.COMPASSACCELERO_IO_Read) for COMPASSACCELERO_IO_Read
    lsm303dlhc.o(i.LSM303DLHC_AccRebootCmd) refers to stm32f3_discovery_1.o(i.COMPASSACCELERO_IO_Write) for COMPASSACCELERO_IO_Write
    lsm303dlhc.o(i.LSM303DLHC_AccZClickITConfig) refers to stm32f3_discovery_1.o(i.COMPASSACCELERO_IO_ITConfig) for COMPASSACCELERO_IO_ITConfig
    lsm303dlhc.o(i.LSM303DLHC_AccZClickITConfig) refers to lsm303dlhc.o(i.LSM303DLHC_AccIT1Enable) for LSM303DLHC_AccIT1Enable
    lsm303dlhc.o(i.LSM303DLHC_AccZClickITConfig) refers to lsm303dlhc.o(i.LSM303DLHC_AccFilterClickCmd) for LSM303DLHC_AccFilterClickCmd
    lsm303dlhc.o(i.LSM303DLHC_AccZClickITConfig) refers to lsm303dlhc.o(i.LSM303DLHC_AccClickITEnable) for LSM303DLHC_AccClickITEnable
    lsm303dlhc.o(.data) refers to lsm303dlhc.o(i.LSM303DLHC_AccInit) for LSM303DLHC_AccInit
    lsm303dlhc.o(.data) refers to lsm303dlhc.o(i.LSM303DLHC_AccDeInit) for LSM303DLHC_AccDeInit
    lsm303dlhc.o(.data) refers to lsm303dlhc.o(i.LSM303DLHC_AccReadID) for LSM303DLHC_AccReadID
    lsm303dlhc.o(.data) refers to lsm303dlhc.o(i.LSM303DLHC_AccRebootCmd) for LSM303DLHC_AccRebootCmd
    lsm303dlhc.o(.data) refers to lsm303dlhc.o(i.LSM303DLHC_AccZClickITConfig) for LSM303DLHC_AccZClickITConfig
    lsm303dlhc.o(.data) refers to lsm303dlhc.o(i.LSM303DLHC_AccFilterConfig) for LSM303DLHC_AccFilterConfig
    lsm303dlhc.o(.data) refers to lsm303dlhc.o(i.LSM303DLHC_AccFilterCmd) for LSM303DLHC_AccFilterCmd
    lsm303dlhc.o(.data) refers to lsm303dlhc.o(i.LSM303DLHC_AccReadXYZ) for LSM303DLHC_AccReadXYZ
    stm32f3xx_hal_1.o(i.HAL_DeInit) refers to stm32f3xx_hal_msp_template.o(i.HAL_MspDeInit) for HAL_MspDeInit
    stm32f3xx_hal_1.o(i.HAL_Delay) refers to stm32f3xx_hal_1.o(i.HAL_GetTick) for HAL_GetTick
    stm32f3xx_hal_1.o(i.HAL_GetTick) refers to stm32f3xx_hal_1.o(.data) for .data
    stm32f3xx_hal_1.o(i.HAL_IncTick) refers to stm32f3xx_hal_1.o(.data) for .data
    stm32f3xx_hal_1.o(i.HAL_Init) refers to stm32f3xx_hal_cortex_1.o(i.HAL_NVIC_SetPriorityGrouping) for HAL_NVIC_SetPriorityGrouping
    stm32f3xx_hal_1.o(i.HAL_Init) refers to stm32f3xx_hal_1.o(i.HAL_InitTick) for HAL_InitTick
    stm32f3xx_hal_1.o(i.HAL_Init) refers to stm32f3xx_hal_msp.o(i.HAL_MspInit) for HAL_MspInit
    stm32f3xx_hal_1.o(i.HAL_Init) refers to stm32f3xx_hal_msp_template.o(i.HAL_MspInit) for HAL_MspInit
    stm32f3xx_hal_1.o(i.HAL_InitTick) refers to stm32f3xx_hal_cortex_1.o(i.HAL_SYSTICK_Config) for HAL_SYSTICK_Config
    stm32f3xx_hal_1.o(i.HAL_InitTick) refers to stm32f3xx_hal_cortex_1.o(i.HAL_NVIC_SetPriority) for HAL_NVIC_SetPriority
    stm32f3xx_hal_1.o(i.HAL_InitTick) refers to system_stm32f3xx.o(.data) for SystemCoreClock
    stm32f3xx_hal_cortex_1.o(i.HAL_NVIC_SetPriority) refers to stm32f3xx_hal_cortex_1.o(i.NVIC_SetPriority) for NVIC_SetPriority
    stm32f3xx_hal_cortex_1.o(i.HAL_SYSTICK_Config) refers to stm32f3xx_hal_cortex_1.o(i.NVIC_SetPriority) for NVIC_SetPriority
    stm32f3xx_hal_cortex_1.o(i.HAL_SYSTICK_IRQHandler) refers to stm32f3xx_hal_cortex_1.o(i.HAL_SYSTICK_Callback) for HAL_SYSTICK_Callback
    stm32f3xx_hal_dma_1.o(i.HAL_DMA_Abort) refers to stm32f3xx_hal_1.o(i.HAL_GetTick) for HAL_GetTick
    stm32f3xx_hal_dma_1.o(i.HAL_DMA_PollForTransfer) refers to stm32f3xx_hal_1.o(i.HAL_GetTick) for HAL_GetTick
    stm32f3xx_hal_dma_1.o(i.HAL_DMA_Start) refers to stm32f3xx_hal_dma_1.o(i.DMA_SetConfig) for DMA_SetConfig
    stm32f3xx_hal_dma_1.o(i.HAL_DMA_Start_IT) refers to stm32f3xx_hal_dma_1.o(i.DMA_SetConfig) for DMA_SetConfig
    stm32f3xx_hal_flash_1.o(i.FLASH_Program_HalfWord) refers to stm32f3xx_hal_flash_1.o(.bss) for .bss
    stm32f3xx_hal_flash_1.o(i.FLASH_SetErrorCode) refers to stm32f3xx_hal_flash_1.o(.bss) for .bss
    stm32f3xx_hal_flash_1.o(i.FLASH_WaitForLastOperation) refers to stm32f3xx_hal_1.o(i.HAL_GetTick) for HAL_GetTick
    stm32f3xx_hal_flash_1.o(i.FLASH_WaitForLastOperation) refers to stm32f3xx_hal_flash_1.o(i.FLASH_SetErrorCode) for FLASH_SetErrorCode
    stm32f3xx_hal_flash_1.o(i.HAL_FLASH_GetError) refers to stm32f3xx_hal_flash_1.o(.bss) for .bss
    stm32f3xx_hal_flash_1.o(i.HAL_FLASH_IRQHandler) refers to stm32f3xx_hal_flash_1.o(i.FLASH_SetErrorCode) for FLASH_SetErrorCode
    stm32f3xx_hal_flash_1.o(i.HAL_FLASH_IRQHandler) refers to stm32f3xx_hal_flash_1.o(i.HAL_FLASH_OperationErrorCallback) for HAL_FLASH_OperationErrorCallback
    stm32f3xx_hal_flash_1.o(i.HAL_FLASH_IRQHandler) refers to stm32f3xx_hal_flash_1.o(i.FLASH_Program_HalfWord) for FLASH_Program_HalfWord
    stm32f3xx_hal_flash_1.o(i.HAL_FLASH_IRQHandler) refers to stm32f3xx_hal_flash_1.o(i.HAL_FLASH_EndOfOperationCallback) for HAL_FLASH_EndOfOperationCallback
    stm32f3xx_hal_flash_1.o(i.HAL_FLASH_IRQHandler) refers to stm32f3xx_hal_flash_ex_1.o(i.FLASH_PageErase) for FLASH_PageErase
    stm32f3xx_hal_flash_1.o(i.HAL_FLASH_IRQHandler) refers to stm32f3xx_hal_flash_1.o(.bss) for .bss
    stm32f3xx_hal_flash_1.o(i.HAL_FLASH_OB_Launch) refers to stm32f3xx_hal_flash_1.o(i.FLASH_WaitForLastOperation) for FLASH_WaitForLastOperation
    stm32f3xx_hal_flash_1.o(i.HAL_FLASH_Program) refers to stm32f3xx_hal_flash_1.o(i.FLASH_WaitForLastOperation) for FLASH_WaitForLastOperation
    stm32f3xx_hal_flash_1.o(i.HAL_FLASH_Program) refers to llushr.o(.text) for __aeabi_llsr
    stm32f3xx_hal_flash_1.o(i.HAL_FLASH_Program) refers to stm32f3xx_hal_flash_1.o(i.FLASH_Program_HalfWord) for FLASH_Program_HalfWord
    stm32f3xx_hal_flash_1.o(i.HAL_FLASH_Program) refers to stm32f3xx_hal_flash_1.o(.bss) for .bss
    stm32f3xx_hal_flash_1.o(i.HAL_FLASH_Program_IT) refers to stm32f3xx_hal_flash_1.o(i.FLASH_Program_HalfWord) for FLASH_Program_HalfWord
    stm32f3xx_hal_flash_1.o(i.HAL_FLASH_Program_IT) refers to stm32f3xx_hal_flash_1.o(.bss) for .bss
    stm32f3xx_hal_flash_ex_1.o(i.FLASH_MassErase) refers to stm32f3xx_hal_flash_1.o(.bss) for pFlash
    stm32f3xx_hal_flash_ex_1.o(i.FLASH_OB_DisableWRP) refers to stm32f3xx_hal_flash_1.o(i.FLASH_WaitForLastOperation) for FLASH_WaitForLastOperation
    stm32f3xx_hal_flash_ex_1.o(i.FLASH_OB_DisableWRP) refers to stm32f3xx_hal_flash_ex_1.o(i.HAL_FLASHEx_OBErase) for HAL_FLASHEx_OBErase
    stm32f3xx_hal_flash_ex_1.o(i.FLASH_OB_DisableWRP) refers to stm32f3xx_hal_flash_1.o(.bss) for pFlash
    stm32f3xx_hal_flash_ex_1.o(i.FLASH_OB_EnableWRP) refers to stm32f3xx_hal_flash_1.o(i.FLASH_WaitForLastOperation) for FLASH_WaitForLastOperation
    stm32f3xx_hal_flash_ex_1.o(i.FLASH_OB_EnableWRP) refers to stm32f3xx_hal_flash_ex_1.o(i.HAL_FLASHEx_OBErase) for HAL_FLASHEx_OBErase
    stm32f3xx_hal_flash_ex_1.o(i.FLASH_OB_EnableWRP) refers to stm32f3xx_hal_flash_1.o(.bss) for pFlash
    stm32f3xx_hal_flash_ex_1.o(i.FLASH_OB_RDP_LevelConfig) refers to stm32f3xx_hal_flash_1.o(i.FLASH_WaitForLastOperation) for FLASH_WaitForLastOperation
    stm32f3xx_hal_flash_ex_1.o(i.FLASH_OB_RDP_LevelConfig) refers to stm32f3xx_hal_flash_1.o(.bss) for pFlash
    stm32f3xx_hal_flash_ex_1.o(i.FLASH_PageErase) refers to stm32f3xx_hal_flash_1.o(.bss) for pFlash
    stm32f3xx_hal_flash_ex_1.o(i.HAL_FLASHEx_Erase) refers to stm32f3xx_hal_flash_1.o(i.FLASH_WaitForLastOperation) for FLASH_WaitForLastOperation
    stm32f3xx_hal_flash_ex_1.o(i.HAL_FLASHEx_Erase) refers to stm32f3xx_hal_flash_ex_1.o(i.FLASH_MassErase) for FLASH_MassErase
    stm32f3xx_hal_flash_ex_1.o(i.HAL_FLASHEx_Erase) refers to stm32f3xx_hal_flash_ex_1.o(i.FLASH_PageErase) for FLASH_PageErase
    stm32f3xx_hal_flash_ex_1.o(i.HAL_FLASHEx_Erase) refers to stm32f3xx_hal_flash_1.o(.bss) for pFlash
    stm32f3xx_hal_flash_ex_1.o(i.HAL_FLASHEx_Erase_IT) refers to stm32f3xx_hal_flash_ex_1.o(i.FLASH_PageErase) for FLASH_PageErase
    stm32f3xx_hal_flash_ex_1.o(i.HAL_FLASHEx_Erase_IT) refers to stm32f3xx_hal_flash_ex_1.o(i.FLASH_MassErase) for FLASH_MassErase
    stm32f3xx_hal_flash_ex_1.o(i.HAL_FLASHEx_Erase_IT) refers to stm32f3xx_hal_flash_1.o(.bss) for pFlash
    stm32f3xx_hal_flash_ex_1.o(i.HAL_FLASHEx_OBErase) refers to stm32f3xx_hal_flash_ex_1.o(i.FLASH_OB_GetRDP) for FLASH_OB_GetRDP
    stm32f3xx_hal_flash_ex_1.o(i.HAL_FLASHEx_OBErase) refers to stm32f3xx_hal_flash_1.o(i.FLASH_WaitForLastOperation) for FLASH_WaitForLastOperation
    stm32f3xx_hal_flash_ex_1.o(i.HAL_FLASHEx_OBErase) refers to stm32f3xx_hal_flash_ex_1.o(i.FLASH_OB_RDP_LevelConfig) for FLASH_OB_RDP_LevelConfig
    stm32f3xx_hal_flash_ex_1.o(i.HAL_FLASHEx_OBErase) refers to stm32f3xx_hal_flash_1.o(.bss) for pFlash
    stm32f3xx_hal_flash_ex_1.o(i.HAL_FLASHEx_OBGetConfig) refers to stm32f3xx_hal_flash_ex_1.o(i.FLASH_OB_GetRDP) for FLASH_OB_GetRDP
    stm32f3xx_hal_flash_ex_1.o(i.HAL_FLASHEx_OBProgram) refers to stm32f3xx_hal_flash_ex_1.o(i.FLASH_OB_DisableWRP) for FLASH_OB_DisableWRP
    stm32f3xx_hal_flash_ex_1.o(i.HAL_FLASHEx_OBProgram) refers to stm32f3xx_hal_flash_ex_1.o(i.FLASH_OB_EnableWRP) for FLASH_OB_EnableWRP
    stm32f3xx_hal_flash_ex_1.o(i.HAL_FLASHEx_OBProgram) refers to stm32f3xx_hal_flash_ex_1.o(i.FLASH_OB_RDP_LevelConfig) for FLASH_OB_RDP_LevelConfig
    stm32f3xx_hal_flash_ex_1.o(i.HAL_FLASHEx_OBProgram) refers to stm32f3xx_hal_flash_1.o(i.FLASH_WaitForLastOperation) for FLASH_WaitForLastOperation
    stm32f3xx_hal_flash_ex_1.o(i.HAL_FLASHEx_OBProgram) refers to stm32f3xx_hal_flash_1.o(.bss) for pFlash
    stm32f3xx_hal_gpio_1.o(i.HAL_GPIO_EXTI_IRQHandler) refers to stm32f3xx_hal_gpio_1.o(i.HAL_GPIO_EXTI_Callback) for HAL_GPIO_EXTI_Callback
    stm32f3xx_hal_i2c_1.o(i.HAL_I2C_DeInit) refers to i2c.o(i.HAL_I2C_MspDeInit) for HAL_I2C_MspDeInit
    stm32f3xx_hal_i2c_1.o(i.HAL_I2C_DisableListen_IT) refers to stm32f3xx_hal_i2c_1.o(i.I2C_Disable_IRQ) for I2C_Disable_IRQ
    stm32f3xx_hal_i2c_1.o(i.HAL_I2C_ER_IRQHandler) refers to stm32f3xx_hal_i2c_1.o(i.I2C_ITError) for I2C_ITError
    stm32f3xx_hal_i2c_1.o(i.HAL_I2C_EnableListen_IT) refers to stm32f3xx_hal_i2c_1.o(i.I2C_Enable_IRQ) for I2C_Enable_IRQ
    stm32f3xx_hal_i2c_1.o(i.HAL_I2C_EnableListen_IT) refers to stm32f3xx_hal_i2c_1.o(i.I2C_Slave_ISR_IT) for I2C_Slave_ISR_IT
    stm32f3xx_hal_i2c_1.o(i.HAL_I2C_Init) refers to i2c.o(i.HAL_I2C_MspInit) for HAL_I2C_MspInit
    stm32f3xx_hal_i2c_1.o(i.HAL_I2C_IsDeviceReady) refers to stm32f3xx_hal_1.o(i.HAL_GetTick) for HAL_GetTick
    stm32f3xx_hal_i2c_1.o(i.HAL_I2C_IsDeviceReady) refers to stm32f3xx_hal_i2c_1.o(i.I2C_WaitOnFlagUntilTimeout) for I2C_WaitOnFlagUntilTimeout
    stm32f3xx_hal_i2c_1.o(i.HAL_I2C_Master_Abort_IT) refers to stm32f3xx_hal_i2c_1.o(i.I2C_Disable_IRQ) for I2C_Disable_IRQ
    stm32f3xx_hal_i2c_1.o(i.HAL_I2C_Master_Abort_IT) refers to stm32f3xx_hal_i2c_1.o(i.I2C_TransferConfig) for I2C_TransferConfig
    stm32f3xx_hal_i2c_1.o(i.HAL_I2C_Master_Abort_IT) refers to stm32f3xx_hal_i2c_1.o(i.I2C_Enable_IRQ) for I2C_Enable_IRQ
    stm32f3xx_hal_i2c_1.o(i.HAL_I2C_Master_Receive) refers to stm32f3xx_hal_1.o(i.HAL_GetTick) for HAL_GetTick
    stm32f3xx_hal_i2c_1.o(i.HAL_I2C_Master_Receive) refers to stm32f3xx_hal_i2c_1.o(i.I2C_WaitOnFlagUntilTimeout) for I2C_WaitOnFlagUntilTimeout
    stm32f3xx_hal_i2c_1.o(i.HAL_I2C_Master_Receive) refers to stm32f3xx_hal_i2c_1.o(i.I2C_TransferConfig) for I2C_TransferConfig
    stm32f3xx_hal_i2c_1.o(i.HAL_I2C_Master_Receive) refers to stm32f3xx_hal_i2c_1.o(i.I2C_WaitOnRXNEFlagUntilTimeout) for I2C_WaitOnRXNEFlagUntilTimeout
    stm32f3xx_hal_i2c_1.o(i.HAL_I2C_Master_Receive) refers to stm32f3xx_hal_i2c_1.o(i.I2C_WaitOnSTOPFlagUntilTimeout) for I2C_WaitOnSTOPFlagUntilTimeout
    stm32f3xx_hal_i2c_1.o(i.HAL_I2C_Master_Receive_DMA) refers to stm32f3xx_hal_dma_1.o(i.HAL_DMA_Start_IT) for HAL_DMA_Start_IT
    stm32f3xx_hal_i2c_1.o(i.HAL_I2C_Master_Receive_DMA) refers to stm32f3xx_hal_i2c_1.o(i.I2C_TransferConfig) for I2C_TransferConfig
    stm32f3xx_hal_i2c_1.o(i.HAL_I2C_Master_Receive_DMA) refers to stm32f3xx_hal_i2c_1.o(i.I2C_Enable_IRQ) for I2C_Enable_IRQ
    stm32f3xx_hal_i2c_1.o(i.HAL_I2C_Master_Receive_DMA) refers to stm32f3xx_hal_i2c_1.o(i.I2C_Master_ISR_DMA) for I2C_Master_ISR_DMA
    stm32f3xx_hal_i2c_1.o(i.HAL_I2C_Master_Receive_DMA) refers to stm32f3xx_hal_i2c_1.o(i.I2C_DMAMasterReceiveCplt) for I2C_DMAMasterReceiveCplt
    stm32f3xx_hal_i2c_1.o(i.HAL_I2C_Master_Receive_DMA) refers to stm32f3xx_hal_i2c_1.o(i.I2C_DMAError) for I2C_DMAError
    stm32f3xx_hal_i2c_1.o(i.HAL_I2C_Master_Receive_DMA) refers to stm32f3xx_hal_i2c_1.o(i.I2C_Master_ISR_IT) for I2C_Master_ISR_IT
    stm32f3xx_hal_i2c_1.o(i.HAL_I2C_Master_Receive_IT) refers to stm32f3xx_hal_i2c_1.o(i.I2C_TransferConfig) for I2C_TransferConfig
    stm32f3xx_hal_i2c_1.o(i.HAL_I2C_Master_Receive_IT) refers to stm32f3xx_hal_i2c_1.o(i.I2C_Enable_IRQ) for I2C_Enable_IRQ
    stm32f3xx_hal_i2c_1.o(i.HAL_I2C_Master_Receive_IT) refers to stm32f3xx_hal_i2c_1.o(i.I2C_Master_ISR_IT) for I2C_Master_ISR_IT
    stm32f3xx_hal_i2c_1.o(i.HAL_I2C_Master_Sequential_Receive_IT) refers to stm32f3xx_hal_i2c_1.o(i.I2C_TransferConfig) for I2C_TransferConfig
    stm32f3xx_hal_i2c_1.o(i.HAL_I2C_Master_Sequential_Receive_IT) refers to stm32f3xx_hal_i2c_1.o(i.I2C_Enable_IRQ) for I2C_Enable_IRQ
    stm32f3xx_hal_i2c_1.o(i.HAL_I2C_Master_Sequential_Receive_IT) refers to stm32f3xx_hal_i2c_1.o(i.I2C_Master_ISR_IT) for I2C_Master_ISR_IT
    stm32f3xx_hal_i2c_1.o(i.HAL_I2C_Master_Sequential_Transmit_IT) refers to stm32f3xx_hal_i2c_1.o(i.I2C_TransferConfig) for I2C_TransferConfig
    stm32f3xx_hal_i2c_1.o(i.HAL_I2C_Master_Sequential_Transmit_IT) refers to stm32f3xx_hal_i2c_1.o(i.I2C_Enable_IRQ) for I2C_Enable_IRQ
    stm32f3xx_hal_i2c_1.o(i.HAL_I2C_Master_Sequential_Transmit_IT) refers to stm32f3xx_hal_i2c_1.o(i.I2C_Master_ISR_IT) for I2C_Master_ISR_IT
    stm32f3xx_hal_i2c_1.o(i.HAL_I2C_Master_Transmit) refers to stm32f3xx_hal_1.o(i.HAL_GetTick) for HAL_GetTick
    stm32f3xx_hal_i2c_1.o(i.HAL_I2C_Master_Transmit) refers to stm32f3xx_hal_i2c_1.o(i.I2C_WaitOnFlagUntilTimeout) for I2C_WaitOnFlagUntilTimeout
    stm32f3xx_hal_i2c_1.o(i.HAL_I2C_Master_Transmit) refers to stm32f3xx_hal_i2c_1.o(i.I2C_TransferConfig) for I2C_TransferConfig
    stm32f3xx_hal_i2c_1.o(i.HAL_I2C_Master_Transmit) refers to stm32f3xx_hal_i2c_1.o(i.I2C_WaitOnTXISFlagUntilTimeout) for I2C_WaitOnTXISFlagUntilTimeout
    stm32f3xx_hal_i2c_1.o(i.HAL_I2C_Master_Transmit) refers to stm32f3xx_hal_i2c_1.o(i.I2C_WaitOnSTOPFlagUntilTimeout) for I2C_WaitOnSTOPFlagUntilTimeout
    stm32f3xx_hal_i2c_1.o(i.HAL_I2C_Master_Transmit_DMA) refers to stm32f3xx_hal_dma_1.o(i.HAL_DMA_Start_IT) for HAL_DMA_Start_IT
    stm32f3xx_hal_i2c_1.o(i.HAL_I2C_Master_Transmit_DMA) refers to stm32f3xx_hal_i2c_1.o(i.I2C_TransferConfig) for I2C_TransferConfig
    stm32f3xx_hal_i2c_1.o(i.HAL_I2C_Master_Transmit_DMA) refers to stm32f3xx_hal_i2c_1.o(i.I2C_Enable_IRQ) for I2C_Enable_IRQ
    stm32f3xx_hal_i2c_1.o(i.HAL_I2C_Master_Transmit_DMA) refers to stm32f3xx_hal_i2c_1.o(i.I2C_Master_ISR_DMA) for I2C_Master_ISR_DMA
    stm32f3xx_hal_i2c_1.o(i.HAL_I2C_Master_Transmit_DMA) refers to stm32f3xx_hal_i2c_1.o(i.I2C_DMAMasterTransmitCplt) for I2C_DMAMasterTransmitCplt
    stm32f3xx_hal_i2c_1.o(i.HAL_I2C_Master_Transmit_DMA) refers to stm32f3xx_hal_i2c_1.o(i.I2C_DMAError) for I2C_DMAError
    stm32f3xx_hal_i2c_1.o(i.HAL_I2C_Master_Transmit_DMA) refers to stm32f3xx_hal_i2c_1.o(i.I2C_Master_ISR_IT) for I2C_Master_ISR_IT
    stm32f3xx_hal_i2c_1.o(i.HAL_I2C_Master_Transmit_IT) refers to stm32f3xx_hal_i2c_1.o(i.I2C_TransferConfig) for I2C_TransferConfig
    stm32f3xx_hal_i2c_1.o(i.HAL_I2C_Master_Transmit_IT) refers to stm32f3xx_hal_i2c_1.o(i.I2C_Enable_IRQ) for I2C_Enable_IRQ
    stm32f3xx_hal_i2c_1.o(i.HAL_I2C_Master_Transmit_IT) refers to stm32f3xx_hal_i2c_1.o(i.I2C_Master_ISR_IT) for I2C_Master_ISR_IT
    stm32f3xx_hal_i2c_1.o(i.HAL_I2C_Mem_Read) refers to stm32f3xx_hal_1.o(i.HAL_GetTick) for HAL_GetTick
    stm32f3xx_hal_i2c_1.o(i.HAL_I2C_Mem_Read) refers to stm32f3xx_hal_i2c_1.o(i.I2C_WaitOnFlagUntilTimeout) for I2C_WaitOnFlagUntilTimeout
    stm32f3xx_hal_i2c_1.o(i.HAL_I2C_Mem_Read) refers to stm32f3xx_hal_i2c_1.o(i.I2C_RequestMemoryRead) for I2C_RequestMemoryRead
    stm32f3xx_hal_i2c_1.o(i.HAL_I2C_Mem_Read) refers to stm32f3xx_hal_i2c_1.o(i.I2C_TransferConfig) for I2C_TransferConfig
    stm32f3xx_hal_i2c_1.o(i.HAL_I2C_Mem_Read) refers to stm32f3xx_hal_i2c_1.o(i.I2C_WaitOnSTOPFlagUntilTimeout) for I2C_WaitOnSTOPFlagUntilTimeout
    stm32f3xx_hal_i2c_1.o(i.HAL_I2C_Mem_Read_DMA) refers to stm32f3xx_hal_1.o(i.HAL_GetTick) for HAL_GetTick
    stm32f3xx_hal_i2c_1.o(i.HAL_I2C_Mem_Read_DMA) refers to stm32f3xx_hal_i2c_1.o(i.I2C_RequestMemoryRead) for I2C_RequestMemoryRead
    stm32f3xx_hal_i2c_1.o(i.HAL_I2C_Mem_Read_DMA) refers to stm32f3xx_hal_dma_1.o(i.HAL_DMA_Start_IT) for HAL_DMA_Start_IT
    stm32f3xx_hal_i2c_1.o(i.HAL_I2C_Mem_Read_DMA) refers to stm32f3xx_hal_i2c_1.o(i.I2C_TransferConfig) for I2C_TransferConfig
    stm32f3xx_hal_i2c_1.o(i.HAL_I2C_Mem_Read_DMA) refers to stm32f3xx_hal_i2c_1.o(i.I2C_Enable_IRQ) for I2C_Enable_IRQ
    stm32f3xx_hal_i2c_1.o(i.HAL_I2C_Mem_Read_DMA) refers to stm32f3xx_hal_i2c_1.o(i.I2C_Master_ISR_DMA) for I2C_Master_ISR_DMA
    stm32f3xx_hal_i2c_1.o(i.HAL_I2C_Mem_Read_DMA) refers to stm32f3xx_hal_i2c_1.o(i.I2C_DMAMasterReceiveCplt) for I2C_DMAMasterReceiveCplt
    stm32f3xx_hal_i2c_1.o(i.HAL_I2C_Mem_Read_DMA) refers to stm32f3xx_hal_i2c_1.o(i.I2C_DMAError) for I2C_DMAError
    stm32f3xx_hal_i2c_1.o(i.HAL_I2C_Mem_Read_IT) refers to stm32f3xx_hal_1.o(i.HAL_GetTick) for HAL_GetTick
    stm32f3xx_hal_i2c_1.o(i.HAL_I2C_Mem_Read_IT) refers to stm32f3xx_hal_i2c_1.o(i.I2C_RequestMemoryRead) for I2C_RequestMemoryRead
    stm32f3xx_hal_i2c_1.o(i.HAL_I2C_Mem_Read_IT) refers to stm32f3xx_hal_i2c_1.o(i.I2C_TransferConfig) for I2C_TransferConfig
    stm32f3xx_hal_i2c_1.o(i.HAL_I2C_Mem_Read_IT) refers to stm32f3xx_hal_i2c_1.o(i.I2C_Enable_IRQ) for I2C_Enable_IRQ
    stm32f3xx_hal_i2c_1.o(i.HAL_I2C_Mem_Read_IT) refers to stm32f3xx_hal_i2c_1.o(i.I2C_Master_ISR_IT) for I2C_Master_ISR_IT
    stm32f3xx_hal_i2c_1.o(i.HAL_I2C_Mem_Write) refers to stm32f3xx_hal_1.o(i.HAL_GetTick) for HAL_GetTick
    stm32f3xx_hal_i2c_1.o(i.HAL_I2C_Mem_Write) refers to stm32f3xx_hal_i2c_1.o(i.I2C_WaitOnFlagUntilTimeout) for I2C_WaitOnFlagUntilTimeout
    stm32f3xx_hal_i2c_1.o(i.HAL_I2C_Mem_Write) refers to stm32f3xx_hal_i2c_1.o(i.I2C_RequestMemoryWrite) for I2C_RequestMemoryWrite
    stm32f3xx_hal_i2c_1.o(i.HAL_I2C_Mem_Write) refers to stm32f3xx_hal_i2c_1.o(i.I2C_TransferConfig) for I2C_TransferConfig
    stm32f3xx_hal_i2c_1.o(i.HAL_I2C_Mem_Write) refers to stm32f3xx_hal_i2c_1.o(i.I2C_WaitOnTXISFlagUntilTimeout) for I2C_WaitOnTXISFlagUntilTimeout
    stm32f3xx_hal_i2c_1.o(i.HAL_I2C_Mem_Write) refers to stm32f3xx_hal_i2c_1.o(i.I2C_WaitOnSTOPFlagUntilTimeout) for I2C_WaitOnSTOPFlagUntilTimeout
    stm32f3xx_hal_i2c_1.o(i.HAL_I2C_Mem_Write_DMA) refers to stm32f3xx_hal_1.o(i.HAL_GetTick) for HAL_GetTick
    stm32f3xx_hal_i2c_1.o(i.HAL_I2C_Mem_Write_DMA) refers to stm32f3xx_hal_i2c_1.o(i.I2C_RequestMemoryWrite) for I2C_RequestMemoryWrite
    stm32f3xx_hal_i2c_1.o(i.HAL_I2C_Mem_Write_DMA) refers to stm32f3xx_hal_dma_1.o(i.HAL_DMA_Start_IT) for HAL_DMA_Start_IT
    stm32f3xx_hal_i2c_1.o(i.HAL_I2C_Mem_Write_DMA) refers to stm32f3xx_hal_i2c_1.o(i.I2C_TransferConfig) for I2C_TransferConfig
    stm32f3xx_hal_i2c_1.o(i.HAL_I2C_Mem_Write_DMA) refers to stm32f3xx_hal_i2c_1.o(i.I2C_Enable_IRQ) for I2C_Enable_IRQ
    stm32f3xx_hal_i2c_1.o(i.HAL_I2C_Mem_Write_DMA) refers to stm32f3xx_hal_i2c_1.o(i.I2C_Master_ISR_DMA) for I2C_Master_ISR_DMA
    stm32f3xx_hal_i2c_1.o(i.HAL_I2C_Mem_Write_DMA) refers to stm32f3xx_hal_i2c_1.o(i.I2C_DMAMasterTransmitCplt) for I2C_DMAMasterTransmitCplt
    stm32f3xx_hal_i2c_1.o(i.HAL_I2C_Mem_Write_DMA) refers to stm32f3xx_hal_i2c_1.o(i.I2C_DMAError) for I2C_DMAError
    stm32f3xx_hal_i2c_1.o(i.HAL_I2C_Mem_Write_IT) refers to stm32f3xx_hal_1.o(i.HAL_GetTick) for HAL_GetTick
    stm32f3xx_hal_i2c_1.o(i.HAL_I2C_Mem_Write_IT) refers to stm32f3xx_hal_i2c_1.o(i.I2C_RequestMemoryWrite) for I2C_RequestMemoryWrite
    stm32f3xx_hal_i2c_1.o(i.HAL_I2C_Mem_Write_IT) refers to stm32f3xx_hal_i2c_1.o(i.I2C_TransferConfig) for I2C_TransferConfig
    stm32f3xx_hal_i2c_1.o(i.HAL_I2C_Mem_Write_IT) refers to stm32f3xx_hal_i2c_1.o(i.I2C_Enable_IRQ) for I2C_Enable_IRQ
    stm32f3xx_hal_i2c_1.o(i.HAL_I2C_Mem_Write_IT) refers to stm32f3xx_hal_i2c_1.o(i.I2C_Master_ISR_IT) for I2C_Master_ISR_IT
    stm32f3xx_hal_i2c_1.o(i.HAL_I2C_Slave_Receive) refers to stm32f3xx_hal_1.o(i.HAL_GetTick) for HAL_GetTick
    stm32f3xx_hal_i2c_1.o(i.HAL_I2C_Slave_Receive) refers to stm32f3xx_hal_i2c_1.o(i.I2C_WaitOnFlagUntilTimeout) for I2C_WaitOnFlagUntilTimeout
    stm32f3xx_hal_i2c_1.o(i.HAL_I2C_Slave_Receive) refers to stm32f3xx_hal_i2c_1.o(i.I2C_WaitOnRXNEFlagUntilTimeout) for I2C_WaitOnRXNEFlagUntilTimeout
    stm32f3xx_hal_i2c_1.o(i.HAL_I2C_Slave_Receive) refers to stm32f3xx_hal_i2c_1.o(i.I2C_WaitOnSTOPFlagUntilTimeout) for I2C_WaitOnSTOPFlagUntilTimeout
    stm32f3xx_hal_i2c_1.o(i.HAL_I2C_Slave_Receive_DMA) refers to stm32f3xx_hal_dma_1.o(i.HAL_DMA_Start_IT) for HAL_DMA_Start_IT
    stm32f3xx_hal_i2c_1.o(i.HAL_I2C_Slave_Receive_DMA) refers to stm32f3xx_hal_i2c_1.o(i.I2C_Enable_IRQ) for I2C_Enable_IRQ
    stm32f3xx_hal_i2c_1.o(i.HAL_I2C_Slave_Receive_DMA) refers to stm32f3xx_hal_i2c_1.o(i.I2C_Slave_ISR_DMA) for I2C_Slave_ISR_DMA
    stm32f3xx_hal_i2c_1.o(i.HAL_I2C_Slave_Receive_DMA) refers to stm32f3xx_hal_i2c_1.o(i.I2C_DMASlaveReceiveCplt) for I2C_DMASlaveReceiveCplt
    stm32f3xx_hal_i2c_1.o(i.HAL_I2C_Slave_Receive_DMA) refers to stm32f3xx_hal_i2c_1.o(i.I2C_DMAError) for I2C_DMAError
    stm32f3xx_hal_i2c_1.o(i.HAL_I2C_Slave_Receive_IT) refers to stm32f3xx_hal_i2c_1.o(i.I2C_Enable_IRQ) for I2C_Enable_IRQ
    stm32f3xx_hal_i2c_1.o(i.HAL_I2C_Slave_Receive_IT) refers to stm32f3xx_hal_i2c_1.o(i.I2C_Slave_ISR_IT) for I2C_Slave_ISR_IT
    stm32f3xx_hal_i2c_1.o(i.HAL_I2C_Slave_Sequential_Receive_IT) refers to stm32f3xx_hal_i2c_1.o(i.I2C_Disable_IRQ) for I2C_Disable_IRQ
    stm32f3xx_hal_i2c_1.o(i.HAL_I2C_Slave_Sequential_Receive_IT) refers to stm32f3xx_hal_i2c_1.o(i.I2C_Enable_IRQ) for I2C_Enable_IRQ
    stm32f3xx_hal_i2c_1.o(i.HAL_I2C_Slave_Sequential_Receive_IT) refers to stm32f3xx_hal_i2c_1.o(i.I2C_Slave_ISR_IT) for I2C_Slave_ISR_IT
    stm32f3xx_hal_i2c_1.o(i.HAL_I2C_Slave_Sequential_Transmit_IT) refers to stm32f3xx_hal_i2c_1.o(i.I2C_Disable_IRQ) for I2C_Disable_IRQ
    stm32f3xx_hal_i2c_1.o(i.HAL_I2C_Slave_Sequential_Transmit_IT) refers to stm32f3xx_hal_i2c_1.o(i.I2C_Enable_IRQ) for I2C_Enable_IRQ
    stm32f3xx_hal_i2c_1.o(i.HAL_I2C_Slave_Sequential_Transmit_IT) refers to stm32f3xx_hal_i2c_1.o(i.I2C_Slave_ISR_IT) for I2C_Slave_ISR_IT
    stm32f3xx_hal_i2c_1.o(i.HAL_I2C_Slave_Transmit) refers to stm32f3xx_hal_1.o(i.HAL_GetTick) for HAL_GetTick
    stm32f3xx_hal_i2c_1.o(i.HAL_I2C_Slave_Transmit) refers to stm32f3xx_hal_i2c_1.o(i.I2C_WaitOnFlagUntilTimeout) for I2C_WaitOnFlagUntilTimeout
    stm32f3xx_hal_i2c_1.o(i.HAL_I2C_Slave_Transmit) refers to stm32f3xx_hal_i2c_1.o(i.I2C_WaitOnTXISFlagUntilTimeout) for I2C_WaitOnTXISFlagUntilTimeout
    stm32f3xx_hal_i2c_1.o(i.HAL_I2C_Slave_Transmit) refers to stm32f3xx_hal_i2c_1.o(i.I2C_WaitOnSTOPFlagUntilTimeout) for I2C_WaitOnSTOPFlagUntilTimeout
    stm32f3xx_hal_i2c_1.o(i.HAL_I2C_Slave_Transmit_DMA) refers to stm32f3xx_hal_dma_1.o(i.HAL_DMA_Start_IT) for HAL_DMA_Start_IT
    stm32f3xx_hal_i2c_1.o(i.HAL_I2C_Slave_Transmit_DMA) refers to stm32f3xx_hal_i2c_1.o(i.I2C_Enable_IRQ) for I2C_Enable_IRQ
    stm32f3xx_hal_i2c_1.o(i.HAL_I2C_Slave_Transmit_DMA) refers to stm32f3xx_hal_i2c_1.o(i.I2C_Slave_ISR_DMA) for I2C_Slave_ISR_DMA
    stm32f3xx_hal_i2c_1.o(i.HAL_I2C_Slave_Transmit_DMA) refers to stm32f3xx_hal_i2c_1.o(i.I2C_DMASlaveTransmitCplt) for I2C_DMASlaveTransmitCplt
    stm32f3xx_hal_i2c_1.o(i.HAL_I2C_Slave_Transmit_DMA) refers to stm32f3xx_hal_i2c_1.o(i.I2C_DMAError) for I2C_DMAError
    stm32f3xx_hal_i2c_1.o(i.HAL_I2C_Slave_Transmit_IT) refers to stm32f3xx_hal_i2c_1.o(i.I2C_Enable_IRQ) for I2C_Enable_IRQ
    stm32f3xx_hal_i2c_1.o(i.HAL_I2C_Slave_Transmit_IT) refers to stm32f3xx_hal_i2c_1.o(i.I2C_Slave_ISR_IT) for I2C_Slave_ISR_IT
    stm32f3xx_hal_i2c_1.o(i.I2C_DMAAbort) refers to stm32f3xx_hal_i2c_1.o(i.HAL_I2C_ErrorCallback) for HAL_I2C_ErrorCallback
    stm32f3xx_hal_i2c_1.o(i.I2C_DMAAbort) refers to stm32f3xx_hal_i2c_1.o(i.HAL_I2C_AbortCpltCallback) for HAL_I2C_AbortCpltCallback
    stm32f3xx_hal_i2c_1.o(i.I2C_DMAError) refers to stm32f3xx_hal_i2c_1.o(i.I2C_ITError) for I2C_ITError
    stm32f3xx_hal_i2c_1.o(i.I2C_DMAMasterReceiveCplt) refers to stm32f3xx_hal_i2c_1.o(i.I2C_Enable_IRQ) for I2C_Enable_IRQ
    stm32f3xx_hal_i2c_1.o(i.I2C_DMAMasterReceiveCplt) refers to stm32f3xx_hal_dma_1.o(i.HAL_DMA_Start_IT) for HAL_DMA_Start_IT
    stm32f3xx_hal_i2c_1.o(i.I2C_DMAMasterTransmitCplt) refers to stm32f3xx_hal_i2c_1.o(i.I2C_Enable_IRQ) for I2C_Enable_IRQ
    stm32f3xx_hal_i2c_1.o(i.I2C_DMAMasterTransmitCplt) refers to stm32f3xx_hal_dma_1.o(i.HAL_DMA_Start_IT) for HAL_DMA_Start_IT
    stm32f3xx_hal_i2c_1.o(i.I2C_Enable_IRQ) refers to stm32f3xx_hal_i2c_1.o(i.I2C_Master_ISR_DMA) for I2C_Master_ISR_DMA
    stm32f3xx_hal_i2c_1.o(i.I2C_Enable_IRQ) refers to stm32f3xx_hal_i2c_1.o(i.I2C_Slave_ISR_DMA) for I2C_Slave_ISR_DMA
    stm32f3xx_hal_i2c_1.o(i.I2C_ITAddrCplt) refers to stm32f3xx_hal_i2c_1.o(i.I2C_Disable_IRQ) for I2C_Disable_IRQ
    stm32f3xx_hal_i2c_1.o(i.I2C_ITAddrCplt) refers to stm32f3xx_hal_i2c_1.o(i.HAL_I2C_AddrCallback) for HAL_I2C_AddrCallback
    stm32f3xx_hal_i2c_1.o(i.I2C_ITError) refers to stm32f3xx_hal_i2c_1.o(i.I2C_Disable_IRQ) for I2C_Disable_IRQ
    stm32f3xx_hal_i2c_1.o(i.I2C_ITError) refers to stm32f3xx_hal_dma_1.o(i.HAL_DMA_Abort_IT) for HAL_DMA_Abort_IT
    stm32f3xx_hal_i2c_1.o(i.I2C_ITError) refers to stm32f3xx_hal_i2c_1.o(i.HAL_I2C_ErrorCallback) for HAL_I2C_ErrorCallback
    stm32f3xx_hal_i2c_1.o(i.I2C_ITError) refers to stm32f3xx_hal_i2c_1.o(i.HAL_I2C_AbortCpltCallback) for HAL_I2C_AbortCpltCallback
    stm32f3xx_hal_i2c_1.o(i.I2C_ITError) refers to stm32f3xx_hal_i2c_1.o(i.I2C_DMAAbort) for I2C_DMAAbort
    stm32f3xx_hal_i2c_1.o(i.I2C_ITError) refers to stm32f3xx_hal_i2c_1.o(i.I2C_Slave_ISR_IT) for I2C_Slave_ISR_IT
    stm32f3xx_hal_i2c_1.o(i.I2C_ITListenCplt) refers to stm32f3xx_hal_i2c_1.o(i.I2C_Disable_IRQ) for I2C_Disable_IRQ
    stm32f3xx_hal_i2c_1.o(i.I2C_ITListenCplt) refers to stm32f3xx_hal_i2c_1.o(i.HAL_I2C_ListenCpltCallback) for HAL_I2C_ListenCpltCallback
    stm32f3xx_hal_i2c_1.o(i.I2C_ITMasterCplt) refers to stm32f3xx_hal_i2c_1.o(i.I2C_Flush_TXDR) for I2C_Flush_TXDR
    stm32f3xx_hal_i2c_1.o(i.I2C_ITMasterCplt) refers to stm32f3xx_hal_i2c_1.o(i.I2C_Disable_IRQ) for I2C_Disable_IRQ
    stm32f3xx_hal_i2c_1.o(i.I2C_ITMasterCplt) refers to stm32f3xx_hal_i2c_1.o(i.HAL_I2C_MasterRxCpltCallback) for HAL_I2C_MasterRxCpltCallback
    stm32f3xx_hal_i2c_1.o(i.I2C_ITMasterCplt) refers to stm32f3xx_hal_i2c_1.o(i.I2C_ITError) for I2C_ITError
    stm32f3xx_hal_i2c_1.o(i.I2C_ITMasterCplt) refers to stm32f3xx_hal_i2c_1.o(i.HAL_I2C_MasterTxCpltCallback) for HAL_I2C_MasterTxCpltCallback
    stm32f3xx_hal_i2c_1.o(i.I2C_ITMasterCplt) refers to stm32f3xx_hal_i2c_1.o(i.HAL_I2C_MemTxCpltCallback) for HAL_I2C_MemTxCpltCallback
    stm32f3xx_hal_i2c_1.o(i.I2C_ITMasterCplt) refers to stm32f3xx_hal_i2c_1.o(i.HAL_I2C_MemRxCpltCallback) for HAL_I2C_MemRxCpltCallback
    stm32f3xx_hal_i2c_1.o(i.I2C_ITMasterSequentialCplt) refers to stm32f3xx_hal_i2c_1.o(i.I2C_Disable_IRQ) for I2C_Disable_IRQ
    stm32f3xx_hal_i2c_1.o(i.I2C_ITMasterSequentialCplt) refers to stm32f3xx_hal_i2c_1.o(i.HAL_I2C_MasterRxCpltCallback) for HAL_I2C_MasterRxCpltCallback
    stm32f3xx_hal_i2c_1.o(i.I2C_ITMasterSequentialCplt) refers to stm32f3xx_hal_i2c_1.o(i.HAL_I2C_MasterTxCpltCallback) for HAL_I2C_MasterTxCpltCallback
    stm32f3xx_hal_i2c_1.o(i.I2C_ITSlaveCplt) refers to stm32f3xx_hal_i2c_1.o(i.I2C_Disable_IRQ) for I2C_Disable_IRQ
    stm32f3xx_hal_i2c_1.o(i.I2C_ITSlaveCplt) refers to stm32f3xx_hal_i2c_1.o(i.I2C_Flush_TXDR) for I2C_Flush_TXDR
    stm32f3xx_hal_i2c_1.o(i.I2C_ITSlaveCplt) refers to stm32f3xx_hal_i2c_1.o(i.I2C_ITError) for I2C_ITError
    stm32f3xx_hal_i2c_1.o(i.I2C_ITSlaveCplt) refers to stm32f3xx_hal_i2c_1.o(i.I2C_ITListenCplt) for I2C_ITListenCplt
    stm32f3xx_hal_i2c_1.o(i.I2C_ITSlaveCplt) refers to stm32f3xx_hal_i2c_1.o(i.HAL_I2C_ListenCpltCallback) for HAL_I2C_ListenCpltCallback
    stm32f3xx_hal_i2c_1.o(i.I2C_ITSlaveCplt) refers to stm32f3xx_hal_i2c_1.o(i.HAL_I2C_SlaveTxCpltCallback) for HAL_I2C_SlaveTxCpltCallback
    stm32f3xx_hal_i2c_1.o(i.I2C_ITSlaveCplt) refers to stm32f3xx_hal_i2c_1.o(i.HAL_I2C_SlaveRxCpltCallback) for HAL_I2C_SlaveRxCpltCallback
    stm32f3xx_hal_i2c_1.o(i.I2C_ITSlaveSequentialCplt) refers to stm32f3xx_hal_i2c_1.o(i.I2C_Disable_IRQ) for I2C_Disable_IRQ
    stm32f3xx_hal_i2c_1.o(i.I2C_ITSlaveSequentialCplt) refers to stm32f3xx_hal_i2c_1.o(i.HAL_I2C_SlaveRxCpltCallback) for HAL_I2C_SlaveRxCpltCallback
    stm32f3xx_hal_i2c_1.o(i.I2C_ITSlaveSequentialCplt) refers to stm32f3xx_hal_i2c_1.o(i.HAL_I2C_SlaveTxCpltCallback) for HAL_I2C_SlaveTxCpltCallback
    stm32f3xx_hal_i2c_1.o(i.I2C_IsAcknowledgeFailed) refers to stm32f3xx_hal_1.o(i.HAL_GetTick) for HAL_GetTick
    stm32f3xx_hal_i2c_1.o(i.I2C_IsAcknowledgeFailed) refers to stm32f3xx_hal_i2c_1.o(i.I2C_Flush_TXDR) for I2C_Flush_TXDR
    stm32f3xx_hal_i2c_1.o(i.I2C_Master_ISR_DMA) refers to stm32f3xx_hal_i2c_1.o(i.I2C_Enable_IRQ) for I2C_Enable_IRQ
    stm32f3xx_hal_i2c_1.o(i.I2C_Master_ISR_DMA) refers to stm32f3xx_hal_i2c_1.o(i.I2C_Flush_TXDR) for I2C_Flush_TXDR
    stm32f3xx_hal_i2c_1.o(i.I2C_Master_ISR_DMA) refers to stm32f3xx_hal_i2c_1.o(i.I2C_TransferConfig) for I2C_TransferConfig
    stm32f3xx_hal_i2c_1.o(i.I2C_Master_ISR_DMA) refers to stm32f3xx_hal_i2c_1.o(i.I2C_ITError) for I2C_ITError
    stm32f3xx_hal_i2c_1.o(i.I2C_Master_ISR_DMA) refers to stm32f3xx_hal_i2c_1.o(i.I2C_ITMasterCplt) for I2C_ITMasterCplt
    stm32f3xx_hal_i2c_1.o(i.I2C_Master_ISR_IT) refers to stm32f3xx_hal_i2c_1.o(i.I2C_Flush_TXDR) for I2C_Flush_TXDR
    stm32f3xx_hal_i2c_1.o(i.I2C_Master_ISR_IT) refers to stm32f3xx_hal_i2c_1.o(i.I2C_TransferConfig) for I2C_TransferConfig
    stm32f3xx_hal_i2c_1.o(i.I2C_Master_ISR_IT) refers to stm32f3xx_hal_i2c_1.o(i.I2C_ITError) for I2C_ITError
    stm32f3xx_hal_i2c_1.o(i.I2C_Master_ISR_IT) refers to stm32f3xx_hal_i2c_1.o(i.I2C_ITMasterCplt) for I2C_ITMasterCplt
    stm32f3xx_hal_i2c_1.o(i.I2C_Master_ISR_IT) refers to stm32f3xx_hal_i2c_1.o(i.I2C_ITMasterSequentialCplt) for I2C_ITMasterSequentialCplt
    stm32f3xx_hal_i2c_1.o(i.I2C_RequestMemoryRead) refers to stm32f3xx_hal_i2c_1.o(i.I2C_TransferConfig) for I2C_TransferConfig
    stm32f3xx_hal_i2c_1.o(i.I2C_RequestMemoryRead) refers to stm32f3xx_hal_i2c_1.o(i.I2C_WaitOnTXISFlagUntilTimeout) for I2C_WaitOnTXISFlagUntilTimeout
    stm32f3xx_hal_i2c_1.o(i.I2C_RequestMemoryRead) refers to stm32f3xx_hal_i2c_1.o(i.I2C_WaitOnFlagUntilTimeout) for I2C_WaitOnFlagUntilTimeout
    stm32f3xx_hal_i2c_1.o(i.I2C_RequestMemoryWrite) refers to stm32f3xx_hal_i2c_1.o(i.I2C_TransferConfig) for I2C_TransferConfig
    stm32f3xx_hal_i2c_1.o(i.I2C_RequestMemoryWrite) refers to stm32f3xx_hal_i2c_1.o(i.I2C_WaitOnTXISFlagUntilTimeout) for I2C_WaitOnTXISFlagUntilTimeout
    stm32f3xx_hal_i2c_1.o(i.I2C_RequestMemoryWrite) refers to stm32f3xx_hal_i2c_1.o(i.I2C_WaitOnFlagUntilTimeout) for I2C_WaitOnFlagUntilTimeout
    stm32f3xx_hal_i2c_1.o(i.I2C_Slave_ISR_DMA) refers to stm32f3xx_hal_i2c_1.o(i.I2C_ITSlaveCplt) for I2C_ITSlaveCplt
    stm32f3xx_hal_i2c_1.o(i.I2C_Slave_ISR_IT) refers to stm32f3xx_hal_i2c_1.o(i.I2C_ITListenCplt) for I2C_ITListenCplt
    stm32f3xx_hal_i2c_1.o(i.I2C_Slave_ISR_IT) refers to stm32f3xx_hal_i2c_1.o(i.I2C_Flush_TXDR) for I2C_Flush_TXDR
    stm32f3xx_hal_i2c_1.o(i.I2C_Slave_ISR_IT) refers to stm32f3xx_hal_i2c_1.o(i.I2C_ITAddrCplt) for I2C_ITAddrCplt
    stm32f3xx_hal_i2c_1.o(i.I2C_Slave_ISR_IT) refers to stm32f3xx_hal_i2c_1.o(i.I2C_ITSlaveSequentialCplt) for I2C_ITSlaveSequentialCplt
    stm32f3xx_hal_i2c_1.o(i.I2C_Slave_ISR_IT) refers to stm32f3xx_hal_i2c_1.o(i.I2C_ITSlaveCplt) for I2C_ITSlaveCplt
    stm32f3xx_hal_i2c_1.o(i.I2C_WaitOnFlagUntilTimeout) refers to stm32f3xx_hal_1.o(i.HAL_GetTick) for HAL_GetTick
    stm32f3xx_hal_i2c_1.o(i.I2C_WaitOnRXNEFlagUntilTimeout) refers to stm32f3xx_hal_i2c_1.o(i.I2C_IsAcknowledgeFailed) for I2C_IsAcknowledgeFailed
    stm32f3xx_hal_i2c_1.o(i.I2C_WaitOnRXNEFlagUntilTimeout) refers to stm32f3xx_hal_1.o(i.HAL_GetTick) for HAL_GetTick
    stm32f3xx_hal_i2c_1.o(i.I2C_WaitOnSTOPFlagUntilTimeout) refers to stm32f3xx_hal_i2c_1.o(i.I2C_IsAcknowledgeFailed) for I2C_IsAcknowledgeFailed
    stm32f3xx_hal_i2c_1.o(i.I2C_WaitOnSTOPFlagUntilTimeout) refers to stm32f3xx_hal_1.o(i.HAL_GetTick) for HAL_GetTick
    stm32f3xx_hal_i2c_1.o(i.I2C_WaitOnTXISFlagUntilTimeout) refers to stm32f3xx_hal_i2c_1.o(i.I2C_IsAcknowledgeFailed) for I2C_IsAcknowledgeFailed
    stm32f3xx_hal_i2c_1.o(i.I2C_WaitOnTXISFlagUntilTimeout) refers to stm32f3xx_hal_1.o(i.HAL_GetTick) for HAL_GetTick
    stm32f3xx_hal_pwr_ex_1.o(i.HAL_PWR_PVD_IRQHandler) refers to stm32f3xx_hal_pwr_ex_1.o(i.HAL_PWR_PVDCallback) for HAL_PWR_PVDCallback
    stm32f3xx_hal_rcc_1.o(i.HAL_RCC_ClockConfig) refers to stm32f3xx_hal_1.o(i.HAL_GetTick) for HAL_GetTick
    stm32f3xx_hal_rcc_1.o(i.HAL_RCC_ClockConfig) refers to stm32f3xx_hal_rcc_1.o(i.HAL_RCC_GetSysClockFreq) for HAL_RCC_GetSysClockFreq
    stm32f3xx_hal_rcc_1.o(i.HAL_RCC_ClockConfig) refers to stm32f3xx_hal_1.o(i.HAL_InitTick) for HAL_InitTick
    stm32f3xx_hal_rcc_1.o(i.HAL_RCC_ClockConfig) refers to system_stm32f3xx.o(.constdata) for AHBPrescTable
    stm32f3xx_hal_rcc_1.o(i.HAL_RCC_ClockConfig) refers to system_stm32f3xx.o(.data) for SystemCoreClock
    stm32f3xx_hal_rcc_1.o(i.HAL_RCC_DeInit) refers to system_stm32f3xx.o(.data) for SystemCoreClock
    stm32f3xx_hal_rcc_1.o(i.HAL_RCC_GetHCLKFreq) refers to system_stm32f3xx.o(.data) for SystemCoreClock
    stm32f3xx_hal_rcc_1.o(i.HAL_RCC_GetPCLK1Freq) refers to system_stm32f3xx.o(.data) for SystemCoreClock
    stm32f3xx_hal_rcc_1.o(i.HAL_RCC_GetPCLK1Freq) refers to system_stm32f3xx.o(.constdata) for APBPrescTable
    stm32f3xx_hal_rcc_1.o(i.HAL_RCC_GetPCLK2Freq) refers to system_stm32f3xx.o(.data) for SystemCoreClock
    stm32f3xx_hal_rcc_1.o(i.HAL_RCC_GetPCLK2Freq) refers to system_stm32f3xx.o(.constdata) for APBPrescTable
    stm32f3xx_hal_rcc_1.o(i.HAL_RCC_GetSysClockFreq) refers to stm32f3xx_hal_rcc_1.o(.constdata) for .constdata
    stm32f3xx_hal_rcc_1.o(i.HAL_RCC_MCOConfig) refers to memseta.o(.text) for __aeabi_memclr4
    stm32f3xx_hal_rcc_1.o(i.HAL_RCC_MCOConfig) refers to stm32f3xx_hal_gpio_1.o(i.HAL_GPIO_Init) for HAL_GPIO_Init
    stm32f3xx_hal_rcc_1.o(i.HAL_RCC_NMI_IRQHandler) refers to stm32f3xx_hal_rcc_1.o(i.HAL_RCC_CSSCallback) for HAL_RCC_CSSCallback
    stm32f3xx_hal_rcc_1.o(i.HAL_RCC_OscConfig) refers to stm32f3xx_hal_1.o(i.HAL_GetTick) for HAL_GetTick
    stm32f3xx_hal_rcc_ex_1.o(i.HAL_RCCEx_GetPeriphCLKFreq) refers to memcpya.o(.text) for __aeabi_memcpy4
    stm32f3xx_hal_rcc_ex_1.o(i.HAL_RCCEx_GetPeriphCLKFreq) refers to stm32f3xx_hal_rcc_ex_1.o(i.RCC_GetPLLCLKFreq) for RCC_GetPLLCLKFreq
    stm32f3xx_hal_rcc_ex_1.o(i.HAL_RCCEx_GetPeriphCLKFreq) refers to stm32f3xx_hal_rcc_1.o(i.HAL_RCC_GetPCLK2Freq) for HAL_RCC_GetPCLK2Freq
    stm32f3xx_hal_rcc_ex_1.o(i.HAL_RCCEx_GetPeriphCLKFreq) refers to stm32f3xx_hal_rcc_1.o(i.HAL_RCC_GetSysClockFreq) for HAL_RCC_GetSysClockFreq
    stm32f3xx_hal_rcc_ex_1.o(i.HAL_RCCEx_GetPeriphCLKFreq) refers to stm32f3xx_hal_rcc_1.o(i.HAL_RCC_GetPCLK1Freq) for HAL_RCC_GetPCLK1Freq
    stm32f3xx_hal_rcc_ex_1.o(i.HAL_RCCEx_GetPeriphCLKFreq) refers to stm32f3xx_hal_rcc_ex_1.o(.constdata) for .constdata
    stm32f3xx_hal_rcc_ex_1.o(i.HAL_RCCEx_GetPeriphCLKFreq) refers to system_stm32f3xx.o(.data) for SystemCoreClock
    stm32f3xx_hal_rcc_ex_1.o(i.HAL_RCCEx_PeriphCLKConfig) refers to stm32f3xx_hal_1.o(i.HAL_GetTick) for HAL_GetTick
    stm32f3xx_hal_spi_1.o(i.HAL_SPI_DMAStop) refers to stm32f3xx_hal_dma_1.o(i.HAL_DMA_Abort) for HAL_DMA_Abort
    stm32f3xx_hal_spi_1.o(i.HAL_SPI_DeInit) refers to spi.o(i.HAL_SPI_MspDeInit) for HAL_SPI_MspDeInit
    stm32f3xx_hal_spi_1.o(i.HAL_SPI_IRQHandler) refers to stm32f3xx_hal_spi_1.o(i.HAL_SPI_ErrorCallback) for HAL_SPI_ErrorCallback
    stm32f3xx_hal_spi_1.o(i.HAL_SPI_Init) refers to spi.o(i.HAL_SPI_MspInit) for HAL_SPI_MspInit
    stm32f3xx_hal_spi_1.o(i.HAL_SPI_Receive) refers to stm32f3xx_hal_1.o(i.HAL_GetTick) for HAL_GetTick
    stm32f3xx_hal_spi_1.o(i.HAL_SPI_Receive) refers to stm32f3xx_hal_spi_1.o(i.HAL_SPI_TransmitReceive) for HAL_SPI_TransmitReceive
    stm32f3xx_hal_spi_1.o(i.HAL_SPI_Receive) refers to stm32f3xx_hal_spi_1.o(i.SPI_WaitFlagStateUntilTimeout) for SPI_WaitFlagStateUntilTimeout
    stm32f3xx_hal_spi_1.o(i.HAL_SPI_Receive) refers to stm32f3xx_hal_spi_1.o(i.SPI_EndRxTransaction) for SPI_EndRxTransaction
    stm32f3xx_hal_spi_1.o(i.HAL_SPI_Receive_DMA) refers to stm32f3xx_hal_spi_1.o(i.HAL_SPI_TransmitReceive_DMA) for HAL_SPI_TransmitReceive_DMA
    stm32f3xx_hal_spi_1.o(i.HAL_SPI_Receive_DMA) refers to stm32f3xx_hal_dma_1.o(i.HAL_DMA_Start_IT) for HAL_DMA_Start_IT
    stm32f3xx_hal_spi_1.o(i.HAL_SPI_Receive_DMA) refers to stm32f3xx_hal_spi_1.o(i.SPI_DMAHalfReceiveCplt) for SPI_DMAHalfReceiveCplt
    stm32f3xx_hal_spi_1.o(i.HAL_SPI_Receive_DMA) refers to stm32f3xx_hal_spi_1.o(i.SPI_DMAReceiveCplt) for SPI_DMAReceiveCplt
    stm32f3xx_hal_spi_1.o(i.HAL_SPI_Receive_DMA) refers to stm32f3xx_hal_spi_1.o(i.SPI_DMAError) for SPI_DMAError
    stm32f3xx_hal_spi_1.o(i.HAL_SPI_Receive_IT) refers to stm32f3xx_hal_spi_1.o(i.HAL_SPI_TransmitReceive_IT) for HAL_SPI_TransmitReceive_IT
    stm32f3xx_hal_spi_1.o(i.HAL_SPI_Receive_IT) refers to stm32f3xx_hal_spi_1.o(i.SPI_RxISR_16BIT) for SPI_RxISR_16BIT
    stm32f3xx_hal_spi_1.o(i.HAL_SPI_Receive_IT) refers to stm32f3xx_hal_spi_1.o(i.SPI_RxISR_8BIT) for SPI_RxISR_8BIT
    stm32f3xx_hal_spi_1.o(i.HAL_SPI_Transmit) refers to stm32f3xx_hal_1.o(i.HAL_GetTick) for HAL_GetTick
    stm32f3xx_hal_spi_1.o(i.HAL_SPI_Transmit) refers to stm32f3xx_hal_spi_1.o(i.SPI_EndRxTxTransaction) for SPI_EndRxTxTransaction
    stm32f3xx_hal_spi_1.o(i.HAL_SPI_TransmitReceive) refers to stm32f3xx_hal_1.o(i.HAL_GetTick) for HAL_GetTick
    stm32f3xx_hal_spi_1.o(i.HAL_SPI_TransmitReceive) refers to stm32f3xx_hal_spi_1.o(i.SPI_WaitFlagStateUntilTimeout) for SPI_WaitFlagStateUntilTimeout
    stm32f3xx_hal_spi_1.o(i.HAL_SPI_TransmitReceive) refers to stm32f3xx_hal_spi_1.o(i.SPI_EndRxTxTransaction) for SPI_EndRxTxTransaction
    stm32f3xx_hal_spi_1.o(i.HAL_SPI_TransmitReceive_DMA) refers to stm32f3xx_hal_dma_1.o(i.HAL_DMA_Start_IT) for HAL_DMA_Start_IT
    stm32f3xx_hal_spi_1.o(i.HAL_SPI_TransmitReceive_DMA) refers to stm32f3xx_hal_spi_1.o(i.SPI_DMAHalfTransmitReceiveCplt) for SPI_DMAHalfTransmitReceiveCplt
    stm32f3xx_hal_spi_1.o(i.HAL_SPI_TransmitReceive_DMA) refers to stm32f3xx_hal_spi_1.o(i.SPI_DMATransmitReceiveCplt) for SPI_DMATransmitReceiveCplt
    stm32f3xx_hal_spi_1.o(i.HAL_SPI_TransmitReceive_DMA) refers to stm32f3xx_hal_spi_1.o(i.SPI_DMAError) for SPI_DMAError
    stm32f3xx_hal_spi_1.o(i.HAL_SPI_TransmitReceive_DMA) refers to stm32f3xx_hal_spi_1.o(i.SPI_DMAHalfReceiveCplt) for SPI_DMAHalfReceiveCplt
    stm32f3xx_hal_spi_1.o(i.HAL_SPI_TransmitReceive_DMA) refers to stm32f3xx_hal_spi_1.o(i.SPI_DMAReceiveCplt) for SPI_DMAReceiveCplt
    stm32f3xx_hal_spi_1.o(i.HAL_SPI_TransmitReceive_IT) refers to stm32f3xx_hal_spi_1.o(i.SPI_2linesRxISR_16BIT) for SPI_2linesRxISR_16BIT
    stm32f3xx_hal_spi_1.o(i.HAL_SPI_TransmitReceive_IT) refers to stm32f3xx_hal_spi_1.o(i.SPI_2linesTxISR_16BIT) for SPI_2linesTxISR_16BIT
    stm32f3xx_hal_spi_1.o(i.HAL_SPI_TransmitReceive_IT) refers to stm32f3xx_hal_spi_1.o(i.SPI_2linesRxISR_8BIT) for SPI_2linesRxISR_8BIT
    stm32f3xx_hal_spi_1.o(i.HAL_SPI_TransmitReceive_IT) refers to stm32f3xx_hal_spi_1.o(i.SPI_2linesTxISR_8BIT) for SPI_2linesTxISR_8BIT
    stm32f3xx_hal_spi_1.o(i.HAL_SPI_Transmit_DMA) refers to stm32f3xx_hal_dma_1.o(i.HAL_DMA_Start_IT) for HAL_DMA_Start_IT
    stm32f3xx_hal_spi_1.o(i.HAL_SPI_Transmit_DMA) refers to stm32f3xx_hal_spi_1.o(i.SPI_DMAHalfTransmitCplt) for SPI_DMAHalfTransmitCplt
    stm32f3xx_hal_spi_1.o(i.HAL_SPI_Transmit_DMA) refers to stm32f3xx_hal_spi_1.o(i.SPI_DMATransmitCplt) for SPI_DMATransmitCplt
    stm32f3xx_hal_spi_1.o(i.HAL_SPI_Transmit_DMA) refers to stm32f3xx_hal_spi_1.o(i.SPI_DMAError) for SPI_DMAError
    stm32f3xx_hal_spi_1.o(i.HAL_SPI_Transmit_IT) refers to stm32f3xx_hal_spi_1.o(i.SPI_TxISR_16BIT) for SPI_TxISR_16BIT
    stm32f3xx_hal_spi_1.o(i.HAL_SPI_Transmit_IT) refers to stm32f3xx_hal_spi_1.o(i.SPI_TxISR_8BIT) for SPI_TxISR_8BIT
    stm32f3xx_hal_spi_1.o(i.SPI_2linesRxISR_16BIT) refers to stm32f3xx_hal_spi_1.o(i.SPI_CloseRxTx_ISR) for SPI_CloseRxTx_ISR
    stm32f3xx_hal_spi_1.o(i.SPI_2linesRxISR_16BIT) refers to stm32f3xx_hal_spi_1.o(i.SPI_2linesRxISR_16BITCRC) for SPI_2linesRxISR_16BITCRC
    stm32f3xx_hal_spi_1.o(i.SPI_2linesRxISR_16BITCRC) refers to stm32f3xx_hal_spi_1.o(i.SPI_CloseRxTx_ISR) for SPI_CloseRxTx_ISR
    stm32f3xx_hal_spi_1.o(i.SPI_2linesRxISR_8BIT) refers to stm32f3xx_hal_spi_1.o(i.SPI_CloseRxTx_ISR) for SPI_CloseRxTx_ISR
    stm32f3xx_hal_spi_1.o(i.SPI_2linesRxISR_8BIT) refers to stm32f3xx_hal_spi_1.o(i.SPI_2linesRxISR_8BITCRC) for SPI_2linesRxISR_8BITCRC
    stm32f3xx_hal_spi_1.o(i.SPI_2linesRxISR_8BITCRC) refers to stm32f3xx_hal_spi_1.o(i.SPI_CloseRxTx_ISR) for SPI_CloseRxTx_ISR
    stm32f3xx_hal_spi_1.o(i.SPI_2linesTxISR_16BIT) refers to stm32f3xx_hal_spi_1.o(i.SPI_CloseRxTx_ISR) for SPI_CloseRxTx_ISR
    stm32f3xx_hal_spi_1.o(i.SPI_2linesTxISR_8BIT) refers to stm32f3xx_hal_spi_1.o(i.SPI_CloseRxTx_ISR) for SPI_CloseRxTx_ISR
    stm32f3xx_hal_spi_1.o(i.SPI_CloseRxTx_ISR) refers to stm32f3xx_hal_spi_1.o(i.SPI_EndRxTxTransaction) for SPI_EndRxTxTransaction
    stm32f3xx_hal_spi_1.o(i.SPI_CloseRxTx_ISR) refers to stm32f3xx_hal_spi_1.o(i.HAL_SPI_ErrorCallback) for HAL_SPI_ErrorCallback
    stm32f3xx_hal_spi_1.o(i.SPI_CloseRxTx_ISR) refers to stm32f3xx_hal_spi_1.o(i.HAL_SPI_TxRxCpltCallback) for HAL_SPI_TxRxCpltCallback
    stm32f3xx_hal_spi_1.o(i.SPI_CloseRxTx_ISR) refers to stm32f3xx_hal_spi_1.o(i.HAL_SPI_RxCpltCallback) for HAL_SPI_RxCpltCallback
    stm32f3xx_hal_spi_1.o(i.SPI_CloseRx_ISR) refers to stm32f3xx_hal_spi_1.o(i.SPI_EndRxTransaction) for SPI_EndRxTransaction
    stm32f3xx_hal_spi_1.o(i.SPI_CloseRx_ISR) refers to stm32f3xx_hal_spi_1.o(i.HAL_SPI_ErrorCallback) for HAL_SPI_ErrorCallback
    stm32f3xx_hal_spi_1.o(i.SPI_CloseRx_ISR) refers to stm32f3xx_hal_spi_1.o(i.HAL_SPI_RxCpltCallback) for HAL_SPI_RxCpltCallback
    stm32f3xx_hal_spi_1.o(i.SPI_CloseTx_ISR) refers to stm32f3xx_hal_spi_1.o(i.SPI_EndRxTxTransaction) for SPI_EndRxTxTransaction
    stm32f3xx_hal_spi_1.o(i.SPI_CloseTx_ISR) refers to stm32f3xx_hal_spi_1.o(i.HAL_SPI_ErrorCallback) for HAL_SPI_ErrorCallback
    stm32f3xx_hal_spi_1.o(i.SPI_CloseTx_ISR) refers to stm32f3xx_hal_spi_1.o(i.HAL_SPI_TxCpltCallback) for HAL_SPI_TxCpltCallback
    stm32f3xx_hal_spi_1.o(i.SPI_DMAError) refers to stm32f3xx_hal_spi_1.o(i.HAL_SPI_ErrorCallback) for HAL_SPI_ErrorCallback
    stm32f3xx_hal_spi_1.o(i.SPI_DMAHalfReceiveCplt) refers to stm32f3xx_hal_spi_1.o(i.HAL_SPI_RxHalfCpltCallback) for HAL_SPI_RxHalfCpltCallback
    stm32f3xx_hal_spi_1.o(i.SPI_DMAHalfTransmitCplt) refers to stm32f3xx_hal_spi_1.o(i.HAL_SPI_TxHalfCpltCallback) for HAL_SPI_TxHalfCpltCallback
    stm32f3xx_hal_spi_1.o(i.SPI_DMAHalfTransmitReceiveCplt) refers to stm32f3xx_hal_spi_1.o(i.HAL_SPI_TxRxHalfCpltCallback) for HAL_SPI_TxRxHalfCpltCallback
    stm32f3xx_hal_spi_1.o(i.SPI_DMAReceiveCplt) refers to stm32f3xx_hal_spi_1.o(i.SPI_WaitFlagStateUntilTimeout) for SPI_WaitFlagStateUntilTimeout
    stm32f3xx_hal_spi_1.o(i.SPI_DMAReceiveCplt) refers to stm32f3xx_hal_spi_1.o(i.SPI_EndRxTransaction) for SPI_EndRxTransaction
    stm32f3xx_hal_spi_1.o(i.SPI_DMAReceiveCplt) refers to stm32f3xx_hal_spi_1.o(i.HAL_SPI_ErrorCallback) for HAL_SPI_ErrorCallback
    stm32f3xx_hal_spi_1.o(i.SPI_DMAReceiveCplt) refers to stm32f3xx_hal_spi_1.o(i.HAL_SPI_RxCpltCallback) for HAL_SPI_RxCpltCallback
    stm32f3xx_hal_spi_1.o(i.SPI_DMATransmitCplt) refers to stm32f3xx_hal_spi_1.o(i.SPI_EndRxTxTransaction) for SPI_EndRxTxTransaction
    stm32f3xx_hal_spi_1.o(i.SPI_DMATransmitCplt) refers to stm32f3xx_hal_spi_1.o(i.HAL_SPI_ErrorCallback) for HAL_SPI_ErrorCallback
    stm32f3xx_hal_spi_1.o(i.SPI_DMATransmitCplt) refers to stm32f3xx_hal_spi_1.o(i.HAL_SPI_TxCpltCallback) for HAL_SPI_TxCpltCallback
    stm32f3xx_hal_spi_1.o(i.SPI_DMATransmitReceiveCplt) refers to stm32f3xx_hal_spi_1.o(i.SPI_WaitFifoStateUntilTimeout) for SPI_WaitFifoStateUntilTimeout
    stm32f3xx_hal_spi_1.o(i.SPI_DMATransmitReceiveCplt) refers to stm32f3xx_hal_spi_1.o(i.SPI_EndRxTxTransaction) for SPI_EndRxTxTransaction
    stm32f3xx_hal_spi_1.o(i.SPI_DMATransmitReceiveCplt) refers to stm32f3xx_hal_spi_1.o(i.HAL_SPI_ErrorCallback) for HAL_SPI_ErrorCallback
    stm32f3xx_hal_spi_1.o(i.SPI_DMATransmitReceiveCplt) refers to stm32f3xx_hal_spi_1.o(i.HAL_SPI_TxRxCpltCallback) for HAL_SPI_TxRxCpltCallback
    stm32f3xx_hal_spi_1.o(i.SPI_EndRxTransaction) refers to stm32f3xx_hal_spi_1.o(i.SPI_WaitFlagStateUntilTimeout) for SPI_WaitFlagStateUntilTimeout
    stm32f3xx_hal_spi_1.o(i.SPI_EndRxTransaction) refers to stm32f3xx_hal_spi_1.o(i.SPI_WaitFifoStateUntilTimeout) for SPI_WaitFifoStateUntilTimeout
    stm32f3xx_hal_spi_1.o(i.SPI_EndRxTxTransaction) refers to stm32f3xx_hal_spi_1.o(i.SPI_WaitFifoStateUntilTimeout) for SPI_WaitFifoStateUntilTimeout
    stm32f3xx_hal_spi_1.o(i.SPI_EndRxTxTransaction) refers to stm32f3xx_hal_spi_1.o(i.SPI_WaitFlagStateUntilTimeout) for SPI_WaitFlagStateUntilTimeout
    stm32f3xx_hal_spi_1.o(i.SPI_RxISR_16BIT) refers to stm32f3xx_hal_spi_1.o(i.SPI_CloseRx_ISR) for SPI_CloseRx_ISR
    stm32f3xx_hal_spi_1.o(i.SPI_RxISR_16BIT) refers to stm32f3xx_hal_spi_1.o(i.SPI_RxISR_16BITCRC) for SPI_RxISR_16BITCRC
    stm32f3xx_hal_spi_1.o(i.SPI_RxISR_16BITCRC) refers to stm32f3xx_hal_spi_1.o(i.SPI_CloseRx_ISR) for SPI_CloseRx_ISR
    stm32f3xx_hal_spi_1.o(i.SPI_RxISR_8BIT) refers to stm32f3xx_hal_spi_1.o(i.SPI_CloseRx_ISR) for SPI_CloseRx_ISR
    stm32f3xx_hal_spi_1.o(i.SPI_RxISR_8BIT) refers to stm32f3xx_hal_spi_1.o(i.SPI_RxISR_8BITCRC) for SPI_RxISR_8BITCRC
    stm32f3xx_hal_spi_1.o(i.SPI_RxISR_8BITCRC) refers to stm32f3xx_hal_spi_1.o(i.SPI_CloseRx_ISR) for SPI_CloseRx_ISR
    stm32f3xx_hal_spi_1.o(i.SPI_TxISR_16BIT) refers to stm32f3xx_hal_spi_1.o(i.SPI_CloseTx_ISR) for SPI_CloseTx_ISR
    stm32f3xx_hal_spi_1.o(i.SPI_TxISR_8BIT) refers to stm32f3xx_hal_spi_1.o(i.SPI_CloseTx_ISR) for SPI_CloseTx_ISR
    stm32f3xx_hal_spi_1.o(i.SPI_WaitFifoStateUntilTimeout) refers to stm32f3xx_hal_1.o(i.HAL_GetTick) for HAL_GetTick
    stm32f3xx_hal_spi_1.o(i.SPI_WaitFlagStateUntilTimeout) refers to stm32f3xx_hal_1.o(i.HAL_GetTick) for HAL_GetTick
    stm32f3xx_ll_utils.o(i.LL_PLL_ConfigSystemClock_HSE) refers to stm32f3xx_ll_utils.o(i.UTILS_PLL_IsBusy) for UTILS_PLL_IsBusy
    stm32f3xx_ll_utils.o(i.LL_PLL_ConfigSystemClock_HSE) refers to stm32f3xx_ll_utils.o(i.UTILS_GetPLLOutputFrequency) for UTILS_GetPLLOutputFrequency
    stm32f3xx_ll_utils.o(i.LL_PLL_ConfigSystemClock_HSE) refers to stm32f3xx_ll_utils.o(i.LL_RCC_PLL_ConfigDomain_SYS) for LL_RCC_PLL_ConfigDomain_SYS
    stm32f3xx_ll_utils.o(i.LL_PLL_ConfigSystemClock_HSE) refers to stm32f3xx_ll_utils.o(i.UTILS_EnablePLLAndSwitchSystem) for UTILS_EnablePLLAndSwitchSystem
    stm32f3xx_ll_utils.o(i.LL_PLL_ConfigSystemClock_HSI) refers to stm32f3xx_ll_utils.o(i.UTILS_PLL_IsBusy) for UTILS_PLL_IsBusy
    stm32f3xx_ll_utils.o(i.LL_PLL_ConfigSystemClock_HSI) refers to stm32f3xx_ll_utils.o(i.UTILS_GetPLLOutputFrequency) for UTILS_GetPLLOutputFrequency
    stm32f3xx_ll_utils.o(i.LL_PLL_ConfigSystemClock_HSI) refers to stm32f3xx_ll_utils.o(i.LL_RCC_PLL_ConfigDomain_SYS) for LL_RCC_PLL_ConfigDomain_SYS
    stm32f3xx_ll_utils.o(i.LL_PLL_ConfigSystemClock_HSI) refers to stm32f3xx_ll_utils.o(i.UTILS_EnablePLLAndSwitchSystem) for UTILS_EnablePLLAndSwitchSystem
    stm32f3xx_ll_utils.o(i.LL_SetSystemCoreClock) refers to system_stm32f3xx.o(.data) for SystemCoreClock
    stm32f3xx_ll_utils.o(i.UTILS_EnablePLLAndSwitchSystem) refers to stm32f3xx_ll_utils.o(i.UTILS_SetFlashLatency) for UTILS_SetFlashLatency
    stm32f3xx_ll_utils.o(i.UTILS_EnablePLLAndSwitchSystem) refers to system_stm32f3xx.o(.constdata) for AHBPrescTable
    stm32f3xx_ll_utils.o(i.UTILS_EnablePLLAndSwitchSystem) refers to system_stm32f3xx.o(.data) for SystemCoreClock
    retarget_io.o(i.ITM_ReceiveChar) refers to retarget_io.o(.data) for .data
    retarget_io.o(i.__aeabi_assert) refers to fputs.o(i.fputs) for fputs
    retarget_io.o(i.__aeabi_assert) refers to retarget_io.o(i.abort) for abort
    retarget_io.o(i.__aeabi_assert) refers to stderr.o(.data) for __stderr
    retarget_io.o(i.fputc) refers to retarget_io.o(i.ITM_SendChar) for ITM_SendChar
    retarget_io.o(i.fputc) refers to stderr.o(.data) for __stderr
    atan2.o(i.__hardfp_atan2) refers (Special) to iusefp.o(.text) for __I$use$fp
    atan2.o(i.__hardfp_atan2) refers to dunder.o(i.__mathlib_dbl_infnan2) for __mathlib_dbl_infnan2
    atan2.o(i.__hardfp_atan2) refers to atan.o(i.atan) for atan
    atan2.o(i.__hardfp_atan2) refers to ddiv.o(.text) for __aeabi_ddiv
    atan2.o(i.__hardfp_atan2) refers to fabs.o(i.fabs) for fabs
    atan2.o(i.__hardfp_atan2) refers to dadd.o(.text) for __aeabi_dsub
    atan2.o(i.__hardfp_atan2) refers to qnan.o(.constdata) for __mathlib_zero
    atan2.o(i.__softfp_atan2) refers (Special) to iusefp.o(.text) for __I$use$fp
    atan2.o(i.__softfp_atan2) refers to atan2.o(i.__hardfp_atan2) for __hardfp_atan2
    atan2.o(i.atan2) refers (Special) to iusefp.o(.text) for __I$use$fp
    atan2.o(i.atan2) refers to atan2.o(i.__hardfp_atan2) for __hardfp_atan2
    atan2_x.o(i.____hardfp_atan2$lsc) refers (Special) to iusefp.o(.text) for __I$use$fp
    atan2_x.o(i.____hardfp_atan2$lsc) refers to dunder.o(i.__mathlib_dbl_infnan2) for __mathlib_dbl_infnan2
    atan2_x.o(i.____hardfp_atan2$lsc) refers to atan.o(i.atan) for atan
    atan2_x.o(i.____hardfp_atan2$lsc) refers to errno.o(i.__set_errno) for __set_errno
    atan2_x.o(i.____hardfp_atan2$lsc) refers to ddiv.o(.text) for __aeabi_ddiv
    atan2_x.o(i.____hardfp_atan2$lsc) refers to fabs.o(i.fabs) for fabs
    atan2_x.o(i.____hardfp_atan2$lsc) refers to dadd.o(.text) for __aeabi_dsub
    atan2_x.o(i.____hardfp_atan2$lsc) refers to qnan.o(.constdata) for __mathlib_zero
    atan2_x.o(i.____softfp_atan2$lsc) refers (Special) to iusefp.o(.text) for __I$use$fp
    atan2_x.o(i.____softfp_atan2$lsc) refers to atan2_x.o(i.____hardfp_atan2$lsc) for ____hardfp_atan2$lsc
    atan2_x.o(i.__atan2$lsc) refers (Special) to iusefp.o(.text) for __I$use$fp
    atan2_x.o(i.__atan2$lsc) refers to atan2_x.o(i.____hardfp_atan2$lsc) for ____hardfp_atan2$lsc
    entry.o(.ARM.Collect$$$$00000000) refers (Special) to entry10a.o(.ARM.Collect$$$$0000000D) for __rt_final_cpp
    entry.o(.ARM.Collect$$$$00000000) refers (Special) to entry11a.o(.ARM.Collect$$$$0000000F) for __rt_final_exit
    entry.o(.ARM.Collect$$$$00000000) refers (Special) to entry7b.o(.ARM.Collect$$$$00000008) for _main_clock
    entry.o(.ARM.Collect$$$$00000000) refers (Special) to entry8b.o(.ARM.Collect$$$$0000000A) for _main_cpp_init
    entry.o(.ARM.Collect$$$$00000000) refers (Special) to entry9a.o(.ARM.Collect$$$$0000000B) for _main_init
    entry.o(.ARM.Collect$$$$00000000) refers (Special) to entry5.o(.ARM.Collect$$$$00000004) for _main_scatterload
    entry.o(.ARM.Collect$$$$00000000) refers (Special) to entry2.o(.ARM.Collect$$$$00000001) for _main_stk
    fputs.o(i.fputs) refers to retarget_io.o(i.fputc) for fputc
    fputs_e.o(.text) refers to retarget_io.o(i.fputc) for fputc
    printfb.o(i.__0fprintf$bare) refers to printfb.o(i._printf_core) for _printf_core
    printfb.o(i.__0fprintf$bare) refers to retarget_io.o(i.fputc) for fputc
    printfb.o(i.__0printf$bare) refers to printfb.o(i._printf_core) for _printf_core
    printfb.o(i.__0printf$bare) refers to retarget_io.o(i.fputc) for fputc
    printfb.o(i.__0printf$bare) refers to stdout.o(.data) for __stdout
    printfb.o(i.__0snprintf$bare) refers to printfb.o(i._printf_core) for _printf_core
    printfb.o(i.__0snprintf$bare) refers to printfb.o(i._snputc) for _snputc
    printfb.o(i.__0sprintf$bare) refers to printfb.o(i._printf_core) for _printf_core
    printfb.o(i.__0sprintf$bare) refers to printfb.o(i._sputc) for _sputc
    printfb.o(i.__0vfprintf$bare) refers to printfb.o(i._printf_core) for _printf_core
    printfb.o(i.__0vfprintf$bare) refers to retarget_io.o(i.fputc) for fputc
    printfb.o(i.__0vprintf$bare) refers to printfb.o(i._printf_core) for _printf_core
    printfb.o(i.__0vprintf$bare) refers to retarget_io.o(i.fputc) for fputc
    printfb.o(i.__0vprintf$bare) refers to stdout.o(.data) for __stdout
    printfb.o(i.__0vsnprintf$bare) refers to printfb.o(i._printf_core) for _printf_core
    printfb.o(i.__0vsnprintf$bare) refers to printfb.o(i._snputc) for _snputc
    printfb.o(i.__0vsprintf$bare) refers to printfb.o(i._printf_core) for _printf_core
    printfb.o(i.__0vsprintf$bare) refers to printfb.o(i._sputc) for _sputc
    printf0.o(i.__0fprintf$0) refers to printf0.o(i._printf_core) for _printf_core
    printf0.o(i.__0fprintf$0) refers to retarget_io.o(i.fputc) for fputc
    printf0.o(i.__0printf$0) refers to printf0.o(i._printf_core) for _printf_core
    printf0.o(i.__0printf$0) refers to retarget_io.o(i.fputc) for fputc
    printf0.o(i.__0printf$0) refers to stdout.o(.data) for __stdout
    printf0.o(i.__0snprintf$0) refers to printf0.o(i._printf_core) for _printf_core
    printf0.o(i.__0snprintf$0) refers to printf0.o(i._snputc) for _snputc
    printf0.o(i.__0sprintf$0) refers to printf0.o(i._printf_core) for _printf_core
    printf0.o(i.__0sprintf$0) refers to printf0.o(i._sputc) for _sputc
    printf0.o(i.__0vfprintf$0) refers to printf0.o(i._printf_core) for _printf_core
    printf0.o(i.__0vfprintf$0) refers to retarget_io.o(i.fputc) for fputc
    printf0.o(i.__0vprintf$0) refers to printf0.o(i._printf_core) for _printf_core
    printf0.o(i.__0vprintf$0) refers to retarget_io.o(i.fputc) for fputc
    printf0.o(i.__0vprintf$0) refers to stdout.o(.data) for __stdout
    printf0.o(i.__0vsnprintf$0) refers to printf0.o(i._printf_core) for _printf_core
    printf0.o(i.__0vsnprintf$0) refers to printf0.o(i._snputc) for _snputc
    printf0.o(i.__0vsprintf$0) refers to printf0.o(i._printf_core) for _printf_core
    printf0.o(i.__0vsprintf$0) refers to printf0.o(i._sputc) for _sputc
    printf1.o(i.__0fprintf$1) refers to printf1.o(i._printf_core) for _printf_core
    printf1.o(i.__0fprintf$1) refers to retarget_io.o(i.fputc) for fputc
    printf1.o(i.__0printf$1) refers to printf1.o(i._printf_core) for _printf_core
    printf1.o(i.__0printf$1) refers to retarget_io.o(i.fputc) for fputc
    printf1.o(i.__0printf$1) refers to stdout.o(.data) for __stdout
    printf1.o(i.__0snprintf$1) refers to printf1.o(i._printf_core) for _printf_core
    printf1.o(i.__0snprintf$1) refers to printf1.o(i._snputc) for _snputc
    printf1.o(i.__0sprintf$1) refers to printf1.o(i._printf_core) for _printf_core
    printf1.o(i.__0sprintf$1) refers to printf1.o(i._sputc) for _sputc
    printf1.o(i.__0vfprintf$1) refers to printf1.o(i._printf_core) for _printf_core
    printf1.o(i.__0vfprintf$1) refers to retarget_io.o(i.fputc) for fputc
    printf1.o(i.__0vprintf$1) refers to printf1.o(i._printf_core) for _printf_core
    printf1.o(i.__0vprintf$1) refers to retarget_io.o(i.fputc) for fputc
    printf1.o(i.__0vprintf$1) refers to stdout.o(.data) for __stdout
    printf1.o(i.__0vsnprintf$1) refers to printf1.o(i._printf_core) for _printf_core
    printf1.o(i.__0vsnprintf$1) refers to printf1.o(i._snputc) for _snputc
    printf1.o(i.__0vsprintf$1) refers to printf1.o(i._printf_core) for _printf_core
    printf1.o(i.__0vsprintf$1) refers to printf1.o(i._sputc) for _sputc
    printf1.o(i._printf_core) refers to uidiv.o(.text) for __aeabi_uidivmod
    printf2.o(i.__0fprintf$2) refers to printf2.o(i._printf_core) for _printf_core
    printf2.o(i.__0fprintf$2) refers to retarget_io.o(i.fputc) for fputc
    printf2.o(i.__0printf$2) refers to printf2.o(i._printf_core) for _printf_core
    printf2.o(i.__0printf$2) refers to retarget_io.o(i.fputc) for fputc
    printf2.o(i.__0printf$2) refers to stdout.o(.data) for __stdout
    printf2.o(i.__0snprintf$2) refers to printf2.o(i._printf_core) for _printf_core
    printf2.o(i.__0snprintf$2) refers to printf2.o(i._snputc) for _snputc
    printf2.o(i.__0sprintf$2) refers to printf2.o(i._printf_core) for _printf_core
    printf2.o(i.__0sprintf$2) refers to printf2.o(i._sputc) for _sputc
    printf2.o(i.__0vfprintf$2) refers to printf2.o(i._printf_core) for _printf_core
    printf2.o(i.__0vfprintf$2) refers to retarget_io.o(i.fputc) for fputc
    printf2.o(i.__0vprintf$2) refers to printf2.o(i._printf_core) for _printf_core
    printf2.o(i.__0vprintf$2) refers to retarget_io.o(i.fputc) for fputc
    printf2.o(i.__0vprintf$2) refers to stdout.o(.data) for __stdout
    printf2.o(i.__0vsnprintf$2) refers to printf2.o(i._printf_core) for _printf_core
    printf2.o(i.__0vsnprintf$2) refers to printf2.o(i._snputc) for _snputc
    printf2.o(i.__0vsprintf$2) refers to printf2.o(i._printf_core) for _printf_core
    printf2.o(i.__0vsprintf$2) refers to printf2.o(i._sputc) for _sputc
    printf3.o(i.__0fprintf$3) refers to printf3.o(i._printf_core) for _printf_core
    printf3.o(i.__0fprintf$3) refers to retarget_io.o(i.fputc) for fputc
    printf3.o(i.__0printf$3) refers to printf3.o(i._printf_core) for _printf_core
    printf3.o(i.__0printf$3) refers to retarget_io.o(i.fputc) for fputc
    printf3.o(i.__0printf$3) refers to stdout.o(.data) for __stdout
    printf3.o(i.__0snprintf$3) refers to printf3.o(i._printf_core) for _printf_core
    printf3.o(i.__0snprintf$3) refers to printf3.o(i._snputc) for _snputc
    printf3.o(i.__0sprintf$3) refers to printf3.o(i._printf_core) for _printf_core
    printf3.o(i.__0sprintf$3) refers to printf3.o(i._sputc) for _sputc
    printf3.o(i.__0vfprintf$3) refers to printf3.o(i._printf_core) for _printf_core
    printf3.o(i.__0vfprintf$3) refers to retarget_io.o(i.fputc) for fputc
    printf3.o(i.__0vprintf$3) refers to printf3.o(i._printf_core) for _printf_core
    printf3.o(i.__0vprintf$3) refers to retarget_io.o(i.fputc) for fputc
    printf3.o(i.__0vprintf$3) refers to stdout.o(.data) for __stdout
    printf3.o(i.__0vsnprintf$3) refers to printf3.o(i._printf_core) for _printf_core
    printf3.o(i.__0vsnprintf$3) refers to printf3.o(i._snputc) for _snputc
    printf3.o(i.__0vsprintf$3) refers to printf3.o(i._printf_core) for _printf_core
    printf3.o(i.__0vsprintf$3) refers to printf3.o(i._sputc) for _sputc
    printf3.o(i._printf_core) refers to uidiv.o(.text) for __aeabi_uidivmod
    printf4.o(i.__0fprintf$4) refers to printf4.o(i._printf_core) for _printf_core
    printf4.o(i.__0fprintf$4) refers to retarget_io.o(i.fputc) for fputc
    printf4.o(i.__0printf$4) refers to printf4.o(i._printf_core) for _printf_core
    printf4.o(i.__0printf$4) refers to retarget_io.o(i.fputc) for fputc
    printf4.o(i.__0printf$4) refers to stdout.o(.data) for __stdout
    printf4.o(i.__0snprintf$4) refers to printf4.o(i._printf_core) for _printf_core
    printf4.o(i.__0snprintf$4) refers to printf4.o(i._snputc) for _snputc
    printf4.o(i.__0sprintf$4) refers to printf4.o(i._printf_core) for _printf_core
    printf4.o(i.__0sprintf$4) refers to printf4.o(i._sputc) for _sputc
    printf4.o(i.__0vfprintf$4) refers to printf4.o(i._printf_core) for _printf_core
    printf4.o(i.__0vfprintf$4) refers to retarget_io.o(i.fputc) for fputc
    printf4.o(i.__0vprintf$4) refers to printf4.o(i._printf_core) for _printf_core
    printf4.o(i.__0vprintf$4) refers to retarget_io.o(i.fputc) for fputc
    printf4.o(i.__0vprintf$4) refers to stdout.o(.data) for __stdout
    printf4.o(i.__0vsnprintf$4) refers to printf4.o(i._printf_core) for _printf_core
    printf4.o(i.__0vsnprintf$4) refers to printf4.o(i._snputc) for _snputc
    printf4.o(i.__0vsprintf$4) refers to printf4.o(i._printf_core) for _printf_core
    printf4.o(i.__0vsprintf$4) refers to printf4.o(i._sputc) for _sputc
    printf4.o(i._printf_core) refers to uldiv.o(.text) for __aeabi_uldivmod
    printf5.o(i.__0fprintf$5) refers to printf5.o(i._printf_core) for _printf_core
    printf5.o(i.__0fprintf$5) refers to retarget_io.o(i.fputc) for fputc
    printf5.o(i.__0printf$5) refers to printf5.o(i._printf_core) for _printf_core
    printf5.o(i.__0printf$5) refers to retarget_io.o(i.fputc) for fputc
    printf5.o(i.__0printf$5) refers to stdout.o(.data) for __stdout
    printf5.o(i.__0snprintf$5) refers to printf5.o(i._printf_core) for _printf_core
    printf5.o(i.__0snprintf$5) refers to printf5.o(i._snputc) for _snputc
    printf5.o(i.__0sprintf$5) refers to printf5.o(i._printf_core) for _printf_core
    printf5.o(i.__0sprintf$5) refers to printf5.o(i._sputc) for _sputc
    printf5.o(i.__0vfprintf$5) refers to printf5.o(i._printf_core) for _printf_core
    printf5.o(i.__0vfprintf$5) refers to retarget_io.o(i.fputc) for fputc
    printf5.o(i.__0vprintf$5) refers to printf5.o(i._printf_core) for _printf_core
    printf5.o(i.__0vprintf$5) refers to retarget_io.o(i.fputc) for fputc
    printf5.o(i.__0vprintf$5) refers to stdout.o(.data) for __stdout
    printf5.o(i.__0vsnprintf$5) refers to printf5.o(i._printf_core) for _printf_core
    printf5.o(i.__0vsnprintf$5) refers to printf5.o(i._snputc) for _snputc
    printf5.o(i.__0vsprintf$5) refers to printf5.o(i._printf_core) for _printf_core
    printf5.o(i.__0vsprintf$5) refers to printf5.o(i._sputc) for _sputc
    printf5.o(i._printf_core) refers to uldiv.o(.text) for __aeabi_uldivmod
    printf6.o(i.__0fprintf$6) refers to printf6.o(i._printf_core) for _printf_core
    printf6.o(i.__0fprintf$6) refers to retarget_io.o(i.fputc) for fputc
    printf6.o(i.__0printf$6) refers to printf6.o(i._printf_core) for _printf_core
    printf6.o(i.__0printf$6) refers to retarget_io.o(i.fputc) for fputc
    printf6.o(i.__0printf$6) refers to stdout.o(.data) for __stdout
    printf6.o(i.__0snprintf$6) refers to printf6.o(i._printf_core) for _printf_core
    printf6.o(i.__0snprintf$6) refers to printf6.o(i._snputc) for _snputc
    printf6.o(i.__0sprintf$6) refers to printf6.o(i._printf_core) for _printf_core
    printf6.o(i.__0sprintf$6) refers to printf6.o(i._sputc) for _sputc
    printf6.o(i.__0vfprintf$6) refers to printf6.o(i._printf_core) for _printf_core
    printf6.o(i.__0vfprintf$6) refers to retarget_io.o(i.fputc) for fputc
    printf6.o(i.__0vprintf$6) refers to printf6.o(i._printf_core) for _printf_core
    printf6.o(i.__0vprintf$6) refers to retarget_io.o(i.fputc) for fputc
    printf6.o(i.__0vprintf$6) refers to stdout.o(.data) for __stdout
    printf6.o(i.__0vsnprintf$6) refers to printf6.o(i._printf_core) for _printf_core
    printf6.o(i.__0vsnprintf$6) refers to printf6.o(i._snputc) for _snputc
    printf6.o(i.__0vsprintf$6) refers to printf6.o(i._printf_core) for _printf_core
    printf6.o(i.__0vsprintf$6) refers to printf6.o(i._sputc) for _sputc
    printf6.o(i._printf_core) refers to printf6.o(i._printf_pre_padding) for _printf_pre_padding
    printf6.o(i._printf_core) refers to uidiv.o(.text) for __aeabi_uidivmod
    printf6.o(i._printf_core) refers to printf6.o(i._printf_post_padding) for _printf_post_padding
    printf7.o(i.__0fprintf$7) refers to printf7.o(i._printf_core) for _printf_core
    printf7.o(i.__0fprintf$7) refers to retarget_io.o(i.fputc) for fputc
    printf7.o(i.__0printf$7) refers to printf7.o(i._printf_core) for _printf_core
    printf7.o(i.__0printf$7) refers to retarget_io.o(i.fputc) for fputc
    printf7.o(i.__0printf$7) refers to stdout.o(.data) for __stdout
    printf7.o(i.__0snprintf$7) refers to printf7.o(i._printf_core) for _printf_core
    printf7.o(i.__0snprintf$7) refers to printf7.o(i._snputc) for _snputc
    printf7.o(i.__0sprintf$7) refers to printf7.o(i._printf_core) for _printf_core
    printf7.o(i.__0sprintf$7) refers to printf7.o(i._sputc) for _sputc
    printf7.o(i.__0vfprintf$7) refers to printf7.o(i._printf_core) for _printf_core
    printf7.o(i.__0vfprintf$7) refers to retarget_io.o(i.fputc) for fputc
    printf7.o(i.__0vprintf$7) refers to printf7.o(i._printf_core) for _printf_core
    printf7.o(i.__0vprintf$7) refers to retarget_io.o(i.fputc) for fputc
    printf7.o(i.__0vprintf$7) refers to stdout.o(.data) for __stdout
    printf7.o(i.__0vsnprintf$7) refers to printf7.o(i._printf_core) for _printf_core
    printf7.o(i.__0vsnprintf$7) refers to printf7.o(i._snputc) for _snputc
    printf7.o(i.__0vsprintf$7) refers to printf7.o(i._printf_core) for _printf_core
    printf7.o(i.__0vsprintf$7) refers to printf7.o(i._sputc) for _sputc
    printf7.o(i._printf_core) refers to printf7.o(i._printf_pre_padding) for _printf_pre_padding
    printf7.o(i._printf_core) refers to uldiv.o(.text) for __aeabi_uldivmod
    printf7.o(i._printf_core) refers to printf7.o(i._printf_post_padding) for _printf_post_padding
    printf8.o(i.__0fprintf$8) refers to printf8.o(i._printf_core) for _printf_core
    printf8.o(i.__0fprintf$8) refers to retarget_io.o(i.fputc) for fputc
    printf8.o(i.__0printf$8) refers to printf8.o(i._printf_core) for _printf_core
    printf8.o(i.__0printf$8) refers to retarget_io.o(i.fputc) for fputc
    printf8.o(i.__0printf$8) refers to stdout.o(.data) for __stdout
    printf8.o(i.__0snprintf$8) refers to printf8.o(i._printf_core) for _printf_core
    printf8.o(i.__0snprintf$8) refers to printf8.o(i._snputc) for _snputc
    printf8.o(i.__0sprintf$8) refers to printf8.o(i._printf_core) for _printf_core
    printf8.o(i.__0sprintf$8) refers to printf8.o(i._sputc) for _sputc
    printf8.o(i.__0vfprintf$8) refers to printf8.o(i._printf_core) for _printf_core
    printf8.o(i.__0vfprintf$8) refers to retarget_io.o(i.fputc) for fputc
    printf8.o(i.__0vprintf$8) refers to printf8.o(i._printf_core) for _printf_core
    printf8.o(i.__0vprintf$8) refers to retarget_io.o(i.fputc) for fputc
    printf8.o(i.__0vprintf$8) refers to stdout.o(.data) for __stdout
    printf8.o(i.__0vsnprintf$8) refers to printf8.o(i._printf_core) for _printf_core
    printf8.o(i.__0vsnprintf$8) refers to printf8.o(i._snputc) for _snputc
    printf8.o(i.__0vsprintf$8) refers to printf8.o(i._printf_core) for _printf_core
    printf8.o(i.__0vsprintf$8) refers to printf8.o(i._sputc) for _sputc
    printf8.o(i._printf_core) refers to printf8.o(i._printf_pre_padding) for _printf_pre_padding
    printf8.o(i._printf_core) refers to uldiv.o(.text) for __aeabi_uldivmod
    printf8.o(i._printf_core) refers to printf8.o(i._printf_post_padding) for _printf_post_padding
    printfa.o(i.__0fprintf) refers (Special) to iusefp.o(.text) for __I$use$fp
    printfa.o(i.__0fprintf) refers to printfa.o(i._printf_core) for _printf_core
    printfa.o(i.__0fprintf) refers to retarget_io.o(i.fputc) for fputc
    printfa.o(i.__0printf) refers (Special) to iusefp.o(.text) for __I$use$fp
    printfa.o(i.__0printf) refers to printfa.o(i._printf_core) for _printf_core
    printfa.o(i.__0printf) refers to retarget_io.o(i.fputc) for fputc
    printfa.o(i.__0printf) refers to stdout.o(.data) for __stdout
    printfa.o(i.__0snprintf) refers (Special) to iusefp.o(.text) for __I$use$fp
    printfa.o(i.__0snprintf) refers to printfa.o(i._printf_core) for _printf_core
    printfa.o(i.__0snprintf) refers to printfa.o(i._snputc) for _snputc
    printfa.o(i.__0sprintf) refers (Special) to iusefp.o(.text) for __I$use$fp
    printfa.o(i.__0sprintf) refers to printfa.o(i._printf_core) for _printf_core
    printfa.o(i.__0sprintf) refers to printfa.o(i._sputc) for _sputc
    printfa.o(i.__0vfprintf) refers (Special) to iusefp.o(.text) for __I$use$fp
    printfa.o(i.__0vfprintf) refers to printfa.o(i._printf_core) for _printf_core
    printfa.o(i.__0vfprintf) refers to retarget_io.o(i.fputc) for fputc
    printfa.o(i.__0vprintf) refers (Special) to iusefp.o(.text) for __I$use$fp
    printfa.o(i.__0vprintf) refers to printfa.o(i._printf_core) for _printf_core
    printfa.o(i.__0vprintf) refers to retarget_io.o(i.fputc) for fputc
    printfa.o(i.__0vprintf) refers to stdout.o(.data) for __stdout
    printfa.o(i.__0vsnprintf) refers (Special) to iusefp.o(.text) for __I$use$fp
    printfa.o(i.__0vsnprintf) refers to printfa.o(i._printf_core) for _printf_core
    printfa.o(i.__0vsnprintf) refers to printfa.o(i._snputc) for _snputc
    printfa.o(i.__0vsprintf) refers (Special) to iusefp.o(.text) for __I$use$fp
    printfa.o(i.__0vsprintf) refers to printfa.o(i._printf_core) for _printf_core
    printfa.o(i.__0vsprintf) refers to printfa.o(i._sputc) for _sputc
    printfa.o(i._fp_digits) refers (Special) to iusefp.o(.text) for __I$use$fp
    printfa.o(i._fp_digits) refers to dmul.o(.text) for __aeabi_dmul
    printfa.o(i._fp_digits) refers to ddiv.o(.text) for __aeabi_ddiv
    printfa.o(i._fp_digits) refers to cdrcmple.o(.text) for __aeabi_cdrcmple
    printfa.o(i._fp_digits) refers to dadd.o(.text) for __aeabi_dadd
    printfa.o(i._fp_digits) refers to dfixul.o(.text) for __aeabi_d2ulz
    printfa.o(i._fp_digits) refers to uldiv.o(.text) for __aeabi_uldivmod
    printfa.o(i._printf_core) refers (Special) to iusefp.o(.text) for __I$use$fp
    printfa.o(i._printf_core) refers to printfa.o(i._printf_pre_padding) for _printf_pre_padding
    printfa.o(i._printf_core) refers to uldiv.o(.text) for __aeabi_uldivmod
    printfa.o(i._printf_core) refers to printfa.o(i._printf_post_padding) for _printf_post_padding
    printfa.o(i._printf_core) refers to printfa.o(i._fp_digits) for _fp_digits
    printfa.o(i._printf_core) refers to uidiv.o(.text) for __aeabi_uidivmod
    printfa.o(i._printf_post_padding) refers (Special) to iusefp.o(.text) for __I$use$fp
    printfa.o(i._printf_pre_padding) refers (Special) to iusefp.o(.text) for __I$use$fp
    printfa.o(i._snputc) refers (Special) to iusefp.o(.text) for __I$use$fp
    printfa.o(i._sputc) refers (Special) to iusefp.o(.text) for __I$use$fp
    dadd.o(.text) refers (Special) to iusefp.o(.text) for __I$use$fp
    dadd.o(.text) refers to llshl.o(.text) for __aeabi_llsl
    dadd.o(.text) refers to llsshr.o(.text) for __aeabi_lasr
    dadd.o(.text) refers to depilogue.o(.text) for _double_epilogue
    dflti.o(.text) refers (Special) to iusefp.o(.text) for __I$use$fp
    dflti.o(.text) refers to depilogue.o(.text) for _double_epilogue
    f2d.o(.text) refers (Special) to iusefp.o(.text) for __I$use$fp
    cdcmple.o(.text) refers (Special) to iusefp.o(.text) for __I$use$fp
    cdrcmple.o(.text) refers (Special) to iusefp.o(.text) for __I$use$fp
    d2f.o(.text) refers (Special) to iusefp.o(.text) for __I$use$fp
    d2f.o(.text) refers to fepilogue.o(.text) for _float_round
    atan.o(i.__hardfp_atan) refers (Special) to iusefp.o(.text) for __I$use$fp
    atan.o(i.__hardfp_atan) refers to dunder.o(i.__mathlib_dbl_infnan) for __mathlib_dbl_infnan
    atan.o(i.__hardfp_atan) refers to fpclassify.o(i.__ARM_fpclassify) for __ARM_fpclassify
    atan.o(i.__hardfp_atan) refers to dunder.o(i.__mathlib_dbl_underflow) for __mathlib_dbl_underflow
    atan.o(i.__hardfp_atan) refers to fabs.o(i.fabs) for fabs
    atan.o(i.__hardfp_atan) refers to dadd.o(.text) for __aeabi_dadd
    atan.o(i.__hardfp_atan) refers to dmul.o(.text) for __aeabi_dmul
    atan.o(i.__hardfp_atan) refers to ddiv.o(.text) for __aeabi_ddiv
    atan.o(i.__hardfp_atan) refers to poly.o(i.__kernel_poly) for __kernel_poly
    atan.o(i.__hardfp_atan) refers to atan.o(.constdata) for .constdata
    atan.o(i.__softfp_atan) refers (Special) to iusefp.o(.text) for __I$use$fp
    atan.o(i.__softfp_atan) refers to atan.o(i.__hardfp_atan) for __hardfp_atan
    atan.o(i.atan) refers (Special) to iusefp.o(.text) for __I$use$fp
    atan.o(i.atan) refers to atan.o(i.__hardfp_atan) for __hardfp_atan
    atan.o(.constdata) refers (Special) to iusefp.o(.text) for __I$use$fp
    atan_x.o(i.____hardfp_atan$lsc) refers (Special) to iusefp.o(.text) for __I$use$fp
    atan_x.o(i.____hardfp_atan$lsc) refers to dunder.o(i.__mathlib_dbl_infnan) for __mathlib_dbl_infnan
    atan_x.o(i.____hardfp_atan$lsc) refers to fabs.o(i.fabs) for fabs
    atan_x.o(i.____hardfp_atan$lsc) refers to dadd.o(.text) for __aeabi_dadd
    atan_x.o(i.____hardfp_atan$lsc) refers to dmul.o(.text) for __aeabi_dmul
    atan_x.o(i.____hardfp_atan$lsc) refers to ddiv.o(.text) for __aeabi_ddiv
    atan_x.o(i.____hardfp_atan$lsc) refers to poly.o(i.__kernel_poly) for __kernel_poly
    atan_x.o(i.____hardfp_atan$lsc) refers to atan_x.o(.constdata) for .constdata
    atan_x.o(i.____softfp_atan$lsc) refers (Special) to iusefp.o(.text) for __I$use$fp
    atan_x.o(i.____softfp_atan$lsc) refers to atan_x.o(i.____hardfp_atan$lsc) for ____hardfp_atan$lsc
    atan_x.o(i.__atan$lsc) refers (Special) to iusefp.o(.text) for __I$use$fp
    atan_x.o(i.__atan$lsc) refers to atan_x.o(i.____hardfp_atan$lsc) for ____hardfp_atan$lsc
    atan_x.o(.constdata) refers (Special) to iusefp.o(.text) for __I$use$fp
    dunder.o(i.__mathlib_dbl_divzero) refers to ddiv.o(.text) for __aeabi_ddiv
    dunder.o(i.__mathlib_dbl_infnan) refers to dadd.o(.text) for __aeabi_dadd
    dunder.o(i.__mathlib_dbl_infnan2) refers to dadd.o(.text) for __aeabi_dadd
    dunder.o(i.__mathlib_dbl_invalid) refers to ddiv.o(.text) for __aeabi_ddiv
    dunder.o(i.__mathlib_dbl_overflow) refers to dmul.o(.text) for __aeabi_dmul
    dunder.o(i.__mathlib_dbl_posinfnan) refers to dmul.o(.text) for __aeabi_dmul
    dunder.o(i.__mathlib_dbl_underflow) refers to dmul.o(.text) for __aeabi_dmul
    fabs.o(i.__hardfp_fabs) refers (Special) to iusefp.o(.text) for __I$use$fp
    fabs.o(i.__softfp_fabs) refers (Special) to iusefp.o(.text) for __I$use$fp
    fabs.o(i.fabs) refers (Special) to iusefp.o(.text) for __I$use$fp
    qnan.o(.constdata) refers (Special) to iusefp.o(.text) for __I$use$fp
    entry2.o(.ARM.Collect$$$$00000001) refers to entry2.o(.ARM.Collect$$$$00002712) for __lit__00000000
    entry2.o(.ARM.Collect$$$$00002712) refers to startup_stm32f303xc.o(STACK) for __initial_sp
    entry2.o(__vectab_stack_and_reset_area) refers to startup_stm32f303xc.o(STACK) for __initial_sp
    entry2.o(__vectab_stack_and_reset_area) refers to entry.o(.ARM.Collect$$$$00000000) for __main
    entry5.o(.ARM.Collect$$$$00000004) refers to init.o(.text) for __scatterload
    entry9a.o(.ARM.Collect$$$$0000000B) refers to main.o(i.main) for main
    entry9b.o(.ARM.Collect$$$$0000000C) refers to main.o(i.main) for main
    uldiv.o(.text) refers to llushr.o(.text) for __aeabi_llsr
    uldiv.o(.text) refers to llshl.o(.text) for __aeabi_llsl
    errno.o(i.__aeabi_errno_addr) refers to errno.o(.data) for .data
    errno.o(i.__read_errno) refers to errno.o(.data) for .data
    errno.o(i.__set_errno) refers to errno.o(.data) for .data
    depilogue.o(.text) refers to llshl.o(.text) for __aeabi_llsl
    depilogue.o(.text) refers to llushr.o(.text) for __aeabi_llsr
    dmul.o(.text) refers to depilogue.o(.text) for _double_epilogue
    ddiv.o(.text) refers to depilogue.o(.text) for _double_round
    dfixul.o(.text) refers to llushr.o(.text) for __aeabi_llsr
    dfixul.o(.text) refers to llshl.o(.text) for __aeabi_llsl
    fpclassify.o(i.__ARM_fpclassify) refers (Special) to iusefp.o(.text) for __I$use$fp
    poly.o(i.__kernel_poly) refers (Special) to iusefp.o(.text) for __I$use$fp
    poly.o(i.__kernel_poly) refers to dmul.o(.text) for __aeabi_dmul
    poly.o(i.__kernel_poly) refers to dadd.o(.text) for __aeabi_dadd
    init.o(.text) refers to entry5.o(.ARM.Collect$$$$00000004) for __main_after_scatterload

